// Jest Snapshot v1, https://goo.gl/fbAQLP

exports[`JSON Schema Generator should generate schema according to *Content types 1`] = `
Object {
  "$schema": "http://json-schema.org/draft-07/schema#",
  "definitions": Object {
    "AccordionContent": Object {
      "properties": Object {
        "accordionAlignTitle": Object {
          "$ref": "#/definitions/AlignType",
          "title": "Выравнивание заголовка",
        },
        "accordionItems": Object {
          "items": Object {
            "$ref": "#/definitions/AccordionItemCommonProps",
          },
          "title": "Список",
          "type": "array",
        },
        "bordered": Object {
          "default": false,
          "title": "Отображать/скрывать обводку у элемента списка",
          "type": "boolean",
        },
        "description": Object {
          "title": "Описание",
          "type": "string",
        },
        "title": Object {
          "title": "Заголовок",
          "type": "string",
        },
        "version": Object {
          "$ref": "#/definitions/BlockVersion",
        },
      },
      "title": "Аккордеон",
      "type": "object",
    },
    "AccordionItemCommonProps": Object {
      "properties": Object {
        "blocks": Object {
          "items": Object {
            "$ref": "#/definitions/BlockDef",
          },
          "title": "Блоки",
          "type": "array",
        },
        "bordered": Object {
          "default": false,
          "title": "Отображать/скрывать обводку элемента",
          "type": "boolean",
        },
        "isExpanded": Object {
          "title": "Отображать в раскрытом виде",
          "type": "boolean",
        },
        "label": Object {
          "default": "Список",
          "title": "Название",
          "type": "string",
        },
        "labelIcon": Object {
          "$ref": "#/definitions/Picture",
        },
      },
      "title": "Элемент списка",
      "type": "object",
    },
    "AlignType": Object {
      "enum": Array [
        "left",
        "center",
        "right",
      ],
      "enumNames": Array [
        "По левому краю",
        "По центру",
        "По правому краю",
      ],
      "title": "Выравнивание",
      "type": "string",
    },
    "Benefit": Object {
      "properties": Object {
        "description": Object {
          "title": "Описание",
          "type": "string",
        },
        "icon": Object {
          "$ref": "#/definitions/Picture",
        },
        "label": Object {
          "title": "Название",
          "type": "string",
        },
      },
      "title": "Преимущество",
      "type": "object",
    },
    "BenefitItemProps": Object {
      "properties": Object {
        "benefit": Object {
          "$ref": "#/definitions/Benefit",
        },
        "benefitsVersion": Object {
          "$ref": "#/definitions/IconVersion",
        },
        "version": Object {
          "$ref": "#/definitions/BlockVersion",
        },
      },
      "required": Array [
        "benefit",
      ],
      "type": "object",
    },
    "BenefitsBlockContent": Object {
      "properties": Object {
        "benefits": Object {
          "items": Object {
            "$ref": "#/definitions/Benefit",
          },
          "maxItems": 6,
          "title": "Список преимуществ",
          "type": "array",
        },
        "title": Object {
          "title": "Заголовок",
          "type": "string",
        },
      },
      "title": "Блок преимущества",
      "type": "object",
    },
    "BlockDef": Object {
      "anyOf": Array [
        Object {
          "$ref": "#/definitions/EmptyOption",
        },
        Object {
          "$ref": "#/definitions/HeadlineBlockListDef",
        },
        Object {
          "$ref": "#/definitions/LinkDocsBlockListDef",
        },
        Object {
          "$ref": "#/definitions/TextBlockBlockListDef",
        },
        Object {
          "$ref": "#/definitions/PictureTextBlockListDef",
        },
        Object {
          "$ref": "#/definitions/ProductBlockBlockListDef",
        },
        Object {
          "$ref": "#/definitions/TileBlockListDef",
        },
        Object {
          "$ref": "#/definitions/ProductTileBlockListDef",
        },
        Object {
          "$ref": "#/definitions/GalleryBlockListDef",
        },
        Object {
          "$ref": "#/definitions/MiniGalleryBlockListDef",
        },
        Object {
          "$ref": "#/definitions/LinkListBlockListDef",
        },
      ],
      "title": "Содержимое блока",
    },
    "BlockItemCommonProps": Object {
      "properties": Object {
        "blocks": Object {
          "items": Object {
            "$ref": "#/definitions/BlockDef",
          },
          "maxItems": 10,
          "title": "Блоки",
          "type": "array",
        },
        "columns": Object {
          "$ref": "#/definitions/ColumnsCount",
        },
        "isUnfolded": Object {
          "title": "Отображать в раскрытом виде",
          "type": "boolean",
        },
        "label": Object {
          "default": "Список",
          "title": "Название",
          "type": "string",
        },
      },
      "title": "Элемент списка",
      "type": "object",
    },
    "BlockVersion": Object {
      "enum": Array [
        "primary",
        "secondary",
      ],
      "enumNames": Array [
        "Основная",
        "Второстепенная",
      ],
      "title": "Цвет блока",
      "type": "string",
    },
    "BlockVersionWithTransparent": Object {
      "enum": Array [
        "transparent",
        "primary",
        "secondary",
      ],
      "enumNames": Array [
        "Прозрачная",
        "Основная",
        "Второстепенная",
      ],
      "title": "Цвет блока",
      "type": "string",
    },
    "BonusBenefit": Object {
      "properties": Object {
        "icon": Object {
          "$ref": "#/definitions/Picture",
          "title": "Бонус и преимущество",
        },
        "label": Object {
          "title": "Название",
          "type": "string",
        },
      },
      "type": "object",
    },
    "BonusBenefitsBlockContent": Object {
      "properties": Object {
        "bonusBenefits": Object {
          "items": Object {
            "$ref": "#/definitions/BonusBenefit",
          },
          "maxItems": 8,
          "title": "Список бонусов",
          "type": "array",
        },
        "subtitle": Object {
          "title": "Подзаголовок",
          "type": "string",
        },
        "title": Object {
          "title": "Заголовок",
          "type": "string",
        },
      },
      "title": "Блок бонусов и преимуществ",
      "type": "object",
    },
    "BonusCalculatorParams": Object {
      "description": "TODO: данные из справочника",
      "type": "object",
    },
    "BonusCalculatorParamsDef": Object {
      "default": Object {
        "calcType": "BonusCalculatorForm",
      },
      "properties": Object {
        "buttons": Object {
          "items": Object {
            "$ref": "#/definitions/ButtonWithIconProps",
          },
          "title": "Кнопки",
          "type": "array",
        },
        "calcType": Object {
          "const": "BonusCalculatorForm",
          "type": "string",
        },
      },
      "required": Array [
        "calcType",
      ],
      "title": "Калькулятор бонусов",
      "type": "object",
    },
    "BonusContent": Object {
      "properties": Object {
        "bonusItems": Object {
          "items": Object {
            "properties": Object {
              "bonusCount": Object {
                "title": "Количество баллов",
                "type": "number",
              },
              "bonusName": Object {
                "title": "Наименование",
                "type": "string",
              },
              "description": Object {
                "title": "Описание плитки",
                "type": "string",
              },
              "name": Object {
                "title": "Бонусы",
                "type": "string",
              },
            },
            "title": "Плитка",
            "type": "object",
          },
          "title": "Список плиток",
          "type": "array",
        },
        "description": Object {
          "title": "Описание",
          "type": "string",
        },
        "title": Object {
          "title": "Заголовок",
          "type": "string",
        },
      },
      "title": "Блок Бонусы",
      "type": "object",
    },
    "ButtonContent": Object {
      "properties": Object {
        "buttons": Object {
          "items": Object {
            "$ref": "#/definitions/ButtonWithIconProps",
          },
          "maxItems": 4,
          "title": "Кнопки",
          "type": "array",
        },
      },
      "type": "object",
    },
    "ButtonProps": Object {
      "properties": Object {
        "href": Object {
          "title": "URL (href)",
          "type": "string",
        },
        "target": Object {
          "$ref": "#/definitions/Target",
        },
        "text": Object {
          "default": "Кнопка",
          "title": "Текст",
          "type": "string",
        },
        "version": Object {
          "$ref": "#/definitions/ButtonVersion",
        },
      },
      "title": "Кнопка",
      "type": "object",
    },
    "ButtonVersion": Object {
      "default": "primary",
      "enum": Array [
        "primary",
        "secondary",
        "link",
      ],
      "enumNames": Array [
        "Основная",
        "Второстепенная",
        "Ссылка",
      ],
      "title": "Цвет кнопки",
      "type": "string",
    },
    "ButtonWithIconProps": Object {
      "properties": Object {
        "aboveText": Object {
          "title": "Верхний текст",
          "type": "string",
        },
        "href": Object {
          "title": "URL (href)",
          "type": "string",
        },
        "icon": Object {
          "$ref": "#/definitions/Picture",
          "title": "Иконка",
        },
        "rounded": Object {
          "title": "Закругленные углы",
          "type": "boolean",
        },
        "target": Object {
          "$ref": "#/definitions/Target",
        },
        "text": Object {
          "default": "Кнопка",
          "title": "Текст",
          "type": "string",
        },
        "version": Object {
          "$ref": "#/definitions/ButtonVersion",
        },
      },
      "type": "object",
    },
    "CalculatorBlockDef": Object {
      "anyOf": Array [
        Object {
          "$ref": "#/definitions/EmptyOption",
        },
        Object {
          "$ref": "#/definitions/CreditCalculatorParamsDef",
        },
        Object {
          "$ref": "#/definitions/MortgageCalculatorParamsDef",
        },
        Object {
          "$ref": "#/definitions/DepositCalculatorParamsDef",
        },
        Object {
          "$ref": "#/definitions/BonusCalculatorParamsDef",
        },
      ],
      "title": "Настройки калькулятора",
    },
    "CalculatorContent": Object {
      "properties": Object {
        "calcTabs": Object {
          "items": Object {
            "$ref": "#/definitions/CalculatorTab",
          },
          "title": "Вкладки",
          "type": "array",
        },
      },
      "title": "Калькулятор",
      "type": "object",
    },
    "CalculatorNav": Object {
      "properties": Object {
        "description": Object {
          "title": "Описание",
          "type": "string",
        },
        "icon": Object {
          "$ref": "#/definitions/Picture",
        },
        "title": Object {
          "title": "Заголовок",
          "type": "string",
        },
      },
      "title": "Кнопка навигации",
      "type": "object",
    },
    "CalculatorTab": Object {
      "properties": Object {
        "calculatorBlock": Object {
          "$ref": "#/definitions/CalculatorBlockDef",
        },
        "nav": Object {
          "$ref": "#/definitions/CalculatorNav",
        },
      },
      "title": "Вкладка",
      "type": "object",
    },
    "CellData": Object {
      "properties": Object {
        "description": Object {
          "title": "Описание",
          "type": "string",
        },
        "label": Object {
          "title": "Заголовок",
          "type": "string",
        },
      },
      "title": "Ячейка",
      "type": "object",
    },
    "ColorPalette": Object {
      "enum": Array [
        "",
        "pc",
        "bc",
        "eo",
      ],
      "enumNames": Array [
        "",
        "Частным клиентам",
        "Бизнес клиентам",
        "Экосистема Своё",
      ],
      "title": "Цветовая палитра",
      "type": "string",
    },
    "Column": Object {
      "properties": Object {
        "data": Object {
          "items": Object {
            "items": Object {
              "$ref": "#/definitions/CellData",
            },
            "type": "array",
          },
          "title": "Данные",
          "type": "array",
        },
        "header": Object {
          "$ref": "#/definitions/ColumnHeader",
        },
      },
      "title": "Продукт",
      "type": "object",
    },
    "ColumnHeader": Object {
      "properties": Object {
        "icon": Object {
          "$ref": "#/definitions/Picture",
        },
        "image": Object {
          "$ref": "#/definitions/Picture",
        },
        "link": Object {
          "$ref": "#/definitions/LinkProps",
        },
        "subtitle": Object {
          "title": "Подзаголовок",
          "type": "string",
        },
        "title": Object {
          "title": "Заголовок",
          "type": "string",
        },
      },
      "title": "Шапка колонки",
      "type": "object",
    },
    "ColumnsCount": Object {
      "enum": Array [
        1,
        2,
      ],
      "enumNames": Array [
        "1 колонка",
        "2 колонки",
      ],
      "title": "Количество колонок",
      "type": "number",
    },
    "CommonCalculatorProps": Object {
      "properties": Object {
        "buttons": Object {
          "items": Object {
            "$ref": "#/definitions/ButtonWithIconProps",
          },
          "title": "Кнопки",
          "type": "array",
        },
      },
      "type": "object",
    },
    "ComparisonTableContent": Object {
      "properties": Object {
        "columns": Object {
          "items": Object {
            "$ref": "#/definitions/Column",
          },
          "title": "Продукты",
          "type": "array",
        },
        "isColoredFirstColumn": Object {
          "title": "Закрасить первую колонку",
          "type": "boolean",
        },
        "orientation": Object {
          "$ref": "#/definitions/ListOrientation",
          "title": "Отображать элементы в моб. версии (прокрутка shift+mouseScroll)",
        },
        "rowHeaders": Object {
          "items": Object {
            "$ref": "#/definitions/RowHeader",
          },
          "title": "Параметры",
          "type": "array",
        },
        "title": Object {
          "title": "Заголовок",
          "type": "string",
        },
        "visibleRowLength": Object {
          "title": "Отображать заданное количество строк",
          "type": "number",
        },
      },
      "title": "Сравнительная таблица",
      "type": "object",
    },
    "ContactInfo": Object {
      "properties": Object {
        "description": Object {
          "title": "Описание",
          "type": "string",
        },
        "text": Object {
          "title": "Текст",
          "type": "string",
        },
        "type": Object {
          "$ref": "#/definitions/ContactType",
        },
      },
      "title": "Контакт",
      "type": "object",
    },
    "ContactType": Object {
      "enum": Array [
        "tel",
        "email",
      ],
      "enumNames": Array [
        "Телефон",
        "Почта",
      ],
      "title": "Тип контакта",
      "type": "string",
    },
    "CreditCalculatorContent": Object {
      "properties": Object {
        "tabs": Object {
          "items": Object {
            "$ref": "#/definitions/CreditCalculatorTab",
          },
          "title": "Вкладки",
          "type": "array",
        },
      },
      "title": "Кредитный калькулятор",
      "type": "object",
    },
    "CreditCalculatorData": Object {
      "type": "object",
    },
    "CreditCalculatorParams": Object {
      "description": "TODO: данные из справочника",
      "type": "object",
    },
    "CreditCalculatorParamsDef": Object {
      "default": Object {
        "calcType": "CreditCalculatorForm",
      },
      "properties": Object {
        "buttons": Object {
          "items": Object {
            "$ref": "#/definitions/ButtonWithIconProps",
          },
          "title": "Кнопки",
          "type": "array",
        },
        "calcType": Object {
          "const": "CreditCalculatorForm",
          "type": "string",
        },
      },
      "required": Array [
        "calcType",
      ],
      "title": "Кредитный калькулятор",
      "type": "object",
    },
    "CreditCalculatorTab": Object {
      "properties": Object {
        "description": Object {
          "title": "Описание",
          "type": "string",
        },
        "directoryName": Object {
          "title": "Справочник",
          "type": "string",
        },
        "icon": Object {
          "$ref": "#/definitions/Picture",
        },
        "title": Object {
          "title": "Имя вкладки",
          "type": "string",
        },
      },
      "title": "Вкладка",
      "type": "object",
    },
    "DepositCalculatorParams": Object {
      "description": "TODO: данные из справочника",
      "type": "object",
    },
    "DepositCalculatorParamsDef": Object {
      "default": Object {
        "calcType": "DepositCalculatorForm",
      },
      "properties": Object {
        "buttons": Object {
          "items": Object {
            "$ref": "#/definitions/ButtonWithIconProps",
          },
          "title": "Кнопки",
          "type": "array",
        },
        "calcType": Object {
          "const": "DepositCalculatorForm",
          "type": "string",
        },
      },
      "required": Array [
        "calcType",
      ],
      "title": "Калькулятор вкладов",
      "type": "object",
    },
    "DescriptionContent": Object {
      "properties": Object {
        "description": Object {
          "title": "Описание",
          "type": "string",
        },
      },
      "type": "object",
    },
    "DispositionItem": Object {
      "properties": Object {
        "href": Object {
          "title": "URL (href)",
          "type": "string",
        },
        "target": Object {
          "$ref": "#/definitions/Target",
        },
        "text": Object {
          "title": "Текст",
          "type": "string",
        },
      },
      "required": Array [
        "text",
        "href",
      ],
      "title": "Ссылка дополнительного меню",
      "type": "object",
    },
    "EmptyOption": Object {
      "title": "Выберите блок",
      "type": "null",
    },
    "ExchangeCurrencyItem": Object {
      "properties": Object {
        "buyExchangeRate": Object {
          "type": "number",
        },
        "currency": Object {
          "properties": Object {
            "code": Object {
              "type": "string",
            },
            "currency": Object {
              "type": "string",
            },
            "id": Object {
              "type": "number",
            },
            "name": Object {
              "type": "string",
            },
          },
          "type": "object",
        },
        "saleExchangeRate": Object {
          "type": "number",
        },
      },
      "type": "object",
    },
    "ExchangeRateTileContent": Object {
      "$ref": "#/definitions/HeadingContent",
      "title": "Курсы валют",
    },
    "FooterContent": Object {
      "properties": Object {
        "contacts": Object {
          "items": Object {
            "$ref": "#/definitions/ContactInfo",
          },
          "title": "Контакты",
          "type": "array",
        },
        "dispositions": Object {
          "items": Object {
            "$ref": "#/definitions/DispositionItem",
          },
          "title": "Дополнительное меню",
          "type": "array",
        },
        "documents": Object {
          "items": Object {
            "$ref": "#/definitions/LinkProps",
          },
          "title": "Обязательные документы",
          "type": "array",
        },
        "horizontalNavigationTitle": Object {
          "title": "Заголовок для меню",
          "type": "string",
        },
        "mobileApps": Object {
          "items": Object {
            "$ref": "#/definitions/SocialMedia",
          },
          "title": "Мобильные приложения",
          "type": "array",
        },
        "relatedEnterprises": Object {
          "items": Object {
            "$ref": "#/definitions/LinkProps",
          },
          "title": "Другие предприятия",
          "type": "array",
        },
        "socialMedia": Object {
          "items": Object {
            "$ref": "#/definitions/SocialMedia",
          },
          "title": "Социальные сети",
          "type": "array",
        },
        "subMenu": Object {
          "items": Object {
            "$ref": "#/definitions/SubMenuItem",
          },
          "title": "Подменю",
          "type": "array",
        },
        "topItems": Object {
          "items": Object {
            "$ref": "#/definitions/TopMenuItem",
          },
          "title": "Основное меню",
          "type": "array",
        },
      },
      "required": Array [
        "topItems",
      ],
      "title": "Подвал",
      "type": "object",
    },
    "GalleryBlockListDef": Object {
      "default": Object {
        "blockListType": "Gallery",
      },
      "properties": Object {
        "blockListType": Object {
          "const": "Gallery",
          "type": "string",
        },
        "cards": Object {
          "items": Object {
            "$ref": "#/definitions/GalleryCard",
          },
          "minItems": 3,
          "title": "Карточки",
          "type": "array",
        },
        "description": Object {
          "title": "Описание",
          "type": "string",
        },
        "orientation": Object {
          "$ref": "#/definitions/ListOrientation",
          "title": "Отображать элементы в моб. версии (прокрутка shift+mouseScroll)",
        },
        "title": Object {
          "title": "Заголовок",
          "type": "string",
        },
      },
      "required": Array [
        "blockListType",
      ],
      "title": "Галерея",
      "type": "object",
    },
    "GalleryCard": Object {
      "properties": Object {
        "button": Object {
          "$ref": "#/definitions/ButtonWithIconProps",
          "title": "Кнопка",
        },
        "description": Object {
          "title": "Описание",
          "type": "string",
        },
        "image": Object {
          "$ref": "#/definitions/Picture",
          "default": Object {
            "format": "webp",
            "size": Object {
              "height": 140,
              "width": 140,
            },
          },
        },
        "isDotted": Object {
          "default": true,
          "title": "Буллиты",
          "type": "boolean",
        },
        "items": Object {
          "items": Object {
            "$ref": "#/definitions/GalleryItem",
          },
          "title": "Список",
          "type": "array",
        },
        "title": Object {
          "title": "Заголовок",
          "type": "string",
        },
        "version": Object {
          "$ref": "#/definitions/BlockVersion",
        },
      },
      "title": "Карточка",
      "type": "object",
    },
    "GalleryContent": Object {
      "properties": Object {
        "cards": Object {
          "items": Object {
            "$ref": "#/definitions/GalleryCard",
          },
          "minItems": 3,
          "title": "Карточки",
          "type": "array",
        },
        "description": Object {
          "title": "Описание",
          "type": "string",
        },
        "orientation": Object {
          "$ref": "#/definitions/ListOrientation",
          "title": "Отображать элементы в моб. версии (прокрутка shift+mouseScroll)",
        },
        "title": Object {
          "title": "Заголовок",
          "type": "string",
        },
      },
      "title": "Галерея",
      "type": "object",
    },
    "GalleryItem": Object {
      "properties": Object {
        "text": Object {
          "title": "Текст",
          "type": "string",
        },
        "title": Object {
          "title": "Заголовок (моб.)",
          "type": "string",
        },
      },
      "title": "Элемент списка",
      "type": "object",
    },
    "GracePeriodContent": Object {
      "properties": Object {
        "calendar": Object {
          "items": Object {
            "properties": Object {
              "blackText": Object {
                "title": "Основной текст",
                "type": "string",
              },
              "greenText": Object {
                "title": "Вспомогательный текст",
                "type": "string",
              },
              "month": Object {
                "items": Object {
                  "properties": Object {
                    "image": Object {
                      "$ref": "#/definitions/Picture",
                      "default": Object {
                        "format": "webp",
                        "size": Object {
                          "height": 190,
                          "width": 210,
                        },
                      },
                      "title": "Изображение календарного месяца",
                    },
                    "name": Object {
                      "title": "Название месяца",
                      "type": "string",
                    },
                  },
                  "type": "object",
                },
                "title": "Месяц",
                "type": "array",
              },
            },
            "type": "object",
          },
          "title": "Календарь",
          "type": "array",
        },
        "description": Object {
          "title": "Описание",
          "type": "string",
        },
        "title": Object {
          "title": "Заголовок",
          "type": "string",
        },
      },
      "title": "Льготный период",
      "type": "object",
    },
    "GroupBlockCommonProps": Object {
      "properties": Object {
        "style": Object {
          "items": Object {
            "type": "string",
          },
          "title": "Стиль",
          "type": "array",
        },
        "tags": Object {
          "items": Object {
            "type": "string",
          },
          "title": "Теги",
          "type": "array",
        },
      },
      "type": "object",
    },
    "GroupBlockContent": Object {
      "properties": Object {
        "groupBlocks": Object {
          "items": Object {
            "$ref": "#/definitions/GroupBlockDef",
          },
          "title": "Блоки",
          "type": "array",
        },
        "isShowCounter": Object {
          "title": "Показывать счетчик блоков во вкладках",
          "type": "boolean",
        },
        "tabs": Object {
          "items": Object {
            "$ref": "#/definitions/GroupBlockTab",
          },
          "title": "Табы",
          "type": "array",
        },
      },
      "title": "Блок-группировки",
      "type": "object",
    },
    "GroupBlockDef": Object {
      "anyOf": Array [
        Object {
          "$ref": "#/definitions/EmptyOption",
        },
        Object {
          "$ref": "#/definitions/ProductBlockDef",
        },
        Object {
          "$ref": "#/definitions/ProductTileDef",
        },
      ],
      "title": "Содержимое блока",
    },
    "GroupBlockTab": Object {
      "properties": Object {
        "tag": Object {
          "title": "Tег",
          "type": "string",
        },
        "title": Object {
          "title": "Название",
          "type": "string",
        },
      },
      "title": "Таб",
      "type": "object",
    },
    "HeaderContent": Object {
      "properties": Object {
        "defaultLocation": Object {
          "default": "Москва",
          "title": "Город по-умолчанию",
          "type": "string",
        },
        "dispositions": Object {
          "items": Object {
            "$ref": "#/definitions/DispositionItem",
          },
          "title": "Дополнительное меню",
          "type": "array",
        },
        "logo": Object {
          "properties": Object {
            "image": Object {
              "$ref": "#/definitions/Picture",
              "title": "Иконка логотипа",
            },
            "title": Object {
              "title": "Текст логотипа",
              "type": "string",
            },
          },
          "title": "Логотип",
          "type": "object",
        },
        "topItems": Object {
          "items": Object {
            "$ref": "#/definitions/TopMenuItem",
          },
          "title": "Основное меню",
          "type": "array",
        },
      },
      "required": Array [
        "defaultLocation",
        "topItems",
      ],
      "title": "Шапка (для мобильных горизонтальная прокрутка shift+mouseScroll)",
      "type": "object",
    },
    "HeadingContent": Object {
      "properties": Object {
        "title": Object {
          "title": "Заголовок",
          "type": "string",
        },
      },
      "type": "object",
    },
    "HeadingType": Object {
      "enum": Array [
        "h1",
        "h2",
        "h3",
        "h4",
        "h5",
        "h6",
      ],
      "enumNames": Array [
        "h1",
        "h2",
        "h3",
        "h4",
        "h5",
        "h6",
      ],
      "title": "Тип заголовка",
      "type": "string",
    },
    "HeadingTypeContent": Object {
      "properties": Object {
        "headingType": Object {
          "$ref": "#/definitions/HeadingType",
        },
      },
      "type": "object",
    },
    "HeadlineBlockListDef": Object {
      "default": Object {
        "blockListType": "Headline",
      },
      "properties": Object {
        "align": Object {
          "$ref": "#/definitions/AlignType",
        },
        "bgColorHeadline": Object {
          "$ref": "#/definitions/BlockVersionWithTransparent",
        },
        "blockListType": Object {
          "const": "Headline",
          "type": "string",
        },
        "description": Object {
          "title": "Описание",
          "type": "string",
        },
        "image": Object {
          "$ref": "#/definitions/Picture",
        },
        "title": Object {
          "title": "Заголовок",
          "type": "string",
        },
      },
      "required": Array [
        "blockListType",
      ],
      "title": "Заголовок",
      "type": "object",
    },
    "HeadlineContent": Object {
      "properties": Object {
        "align": Object {
          "$ref": "#/definitions/AlignType",
        },
        "bgColorHeadline": Object {
          "$ref": "#/definitions/BlockVersionWithTransparent",
        },
        "description": Object {
          "title": "Описание",
          "type": "string",
        },
        "image": Object {
          "$ref": "#/definitions/Picture",
        },
        "title": Object {
          "title": "Заголовок",
          "type": "string",
        },
      },
      "title": "Заголовок",
      "type": "object",
    },
    "IconName": Object {
      "enum": Array [
        "",
        "ActualBalanceIcon",
        "AirPlane",
        "AppleIcon",
        "ArrowDownIcon",
        "ArrowLeftIcon",
        "ArrowUpIcon",
        "AtmIcon",
        "BankIcon",
        "BurgerIcon",
        "Calendar2Icon",
        "CalendarCircleIcon",
        "CalendarIcon",
        "CalendarTickIcon",
        "CardIcon",
        "CardPosIcon",
        "CardTickIcon",
        "CardWithGemIcon",
        "CarIcon",
        "ChartSquareIcon",
        "CinemaIcon",
        "ClockIcon",
        "CloseIcon",
        "ComfortableCompIcon",
        "CreditCardsIcon",
        "DiscountShapeIcon",
        "DocIcon",
        "DocIconMonoColor",
        "DocsIcon",
        "DocumentTextIcon",
        "DollarIcon",
        "EarthIcon",
        "EmptyWalletChangeIcon",
        "EmptyWalletIcon",
        "EuroIcon",
        "GeolocationIcon",
        "GlassIcon",
        "GlobalIcon",
        "GpsIcon",
        "GridIcon",
        "InterestGrowthIcon",
        "InterestIcon",
        "JCBIcon",
        "LoupeIcon",
        "MasterCardIcon",
        "MinusIcon",
        "MirIcon",
        "MoneyIcon",
        "MoneyInsuranceIcon",
        "MonitorMobileIcon",
        "NewDocIcon",
        "OfficeIcon",
        "OkIcon",
        "PassSendIcon",
        "PercentageRoundIcon",
        "PercentageSquareIcon",
        "PersonalCardIcon",
        "PlayMarketIcon",
        "PlusIcon",
        "PowerIcon",
        "Profile2UserIcon",
        "ProfileIcon",
        "PumpkinIcon",
        "RoundRubleIcon",
        "SafeIcon",
        "ShieldTickIcon",
        "SignDocsIcon",
        "SmallClockIcon",
        "SoundIcon",
        "TelegramIcon",
        "UnionPayIcon",
        "UserTickIcon",
        "VisaIcon",
        "VKIcon",
        "WalletAdd2Icon",
        "WalletAddIcon",
        "WalletIcon",
        "WalletWithMoneyIcon",
        "WateringCan",
      ],
      "enumNames": Array [
        "",
        "Деньги",
        "Самолет",
        "Лого «Apple»",
        "Стрелка 'Вниз'",
        "Стрелка",
        "Стрелка вверх",
        "Банкомат",
        "Банк",
        "Бургер",
        "Календарь 2",
        "Скруглённый календарь",
        "Календарь",
        "Календарь с галочкой",
        "Кред. карта",
        "Кред. карта под наклоном",
        "Кред. карта с галочкой",
        "Карта с драгоценностями",
        "Машина",
        "Деньги внутри кошелька",
        "Кино",
        "Часы",
        "Крестик",
        "Кресло",
        "Кредитные карты",
        "Скидка",
        "Документ",
        "Документ (одноцветный)",
        "Документы",
        "Документ с текстом",
        "Доллар",
        "Земля",
        "Пустой кошелёк с возвратом",
        "Пустой кошелёк",
        "Евро",
        "Геолокация",
        "Зеркало",
        "Глобус",
        "Gps",
        "Сетка (белая)",
        "Диаграмма роста",
        "Скидка",
        "JCB",
        "Лупа",
        "MasterCard",
        "Минус",
        "МИР",
        "Деньги",
        "Денежное страхование",
        "Монитор и мобильный",
        "Новый документ",
        "Офис",
        "Лого «Одноклассники»",
        "Бизнес",
        "Проценты (круг.)",
        "Проценты",
        "Персональная карта",
        "Лого «PlayMarket»",
        "Плюс",
        "Щит",
        "Профиль, 2 персоны",
        "Профиль",
        "Тыква",
        "Рубль (круг.)",
        "Сейф",
        "Безопасность",
        "Подписанные документы",
        "Маленькие часы",
        "Звук",
        "Лого «Telegram»",
        "UnionPay",
        "Пользователь",
        "Visa",
        "Лого «VK»",
        "Пополнение карты",
        "Кошелёк с плюсом",
        "Кошелёк",
        "Кошелёк с деньгами",
        "Добавить продукт",
      ],
      "title": "Иконка",
      "type": "string",
    },
    "IconVersion": Object {
      "enum": Array [
        "normal",
        "white",
        "black",
      ],
      "enumNames": Array [
        "Нормальный",
        "Белый",
        "Чёрный",
      ],
      "title": "Цвет иконки",
      "type": "string",
    },
    "ImageContent": Object {
      "properties": Object {
        "image": Object {
          "$ref": "#/definitions/Picture",
        },
      },
      "type": "object",
    },
    "Img": Object {
      "properties": Object {
        "alt": Object {
          "title": "Альтернативный текст (alt)",
          "type": "string",
        },
        "src": Object {
          "title": "Картинка",
          "type": "string",
        },
        "title": Object {
          "title": "Текст подсказки (title)",
          "type": "string",
        },
      },
      "type": "object",
    },
    "ImgSource": Object {
      "properties": Object {
        "format": Object {
          "enum": Array [
            "jpeg",
            "jpg",
            "png",
            "gif",
            "webp",
            "heif",
            "avif",
          ],
          "title": "Формат",
          "type": "string",
        },
        "icon": Object {
          "$ref": "#/definitions/IconName",
          "title": "Иконка",
        },
        "iconVersion": Object {
          "$ref": "#/definitions/IconVersion",
        },
        "size": Object {
          "properties": Object {
            "height": Object {
              "title": "Высота",
              "type": "number",
            },
            "width": Object {
              "title": "Ширина",
              "type": "number",
            },
          },
          "title": "Размер изображения",
          "type": "object",
        },
        "src": Object {
          "title": "Картинка",
          "type": "string",
        },
      },
      "type": "object",
    },
    "InsuranceContent": Object {
      "properties": Object {
        "benefits": Object {
          "items": Object {
            "$ref": "#/definitions/Benefit",
          },
          "maxItems": 6,
          "title": "Список преимуществ",
          "type": "array",
        },
        "description": Object {
          "title": "Описание",
          "type": "string",
        },
        "image": Object {
          "$ref": "#/definitions/Picture",
        },
        "insuranceSum": Object {
          "title": "Страховая сумма",
          "type": "number",
        },
        "monthLimit": Object {
          "title": "Ежемесячный лимит",
          "type": "number",
        },
        "title": Object {
          "title": "Заголовок",
          "type": "string",
        },
      },
      "type": "object",
    },
    "LinkColumnsMode": Object {
      "enum": Array [
        "single",
        "double",
      ],
      "enumNames": Array [
        "Одна колонка",
        "Две колонки",
      ],
      "title": "Отображение списка",
      "type": "string",
    },
    "LinkDocsBlockListDef": Object {
      "default": Object {
        "blockListType": "LinkDocs",
      },
      "properties": Object {
        "align": Object {
          "$ref": "#/definitions/AlignType",
        },
        "blockListType": Object {
          "const": "LinkDocs",
          "type": "string",
        },
        "columnsMode": Object {
          "$ref": "#/definitions/LinkColumnsMode",
        },
        "documents": Object {
          "items": Object {
            "$ref": "#/definitions/LinkDocsItem",
          },
          "title": "Список",
          "type": "array",
        },
        "hasBorder": Object {
          "title": "Рамка элементов (моб.)",
          "type": "boolean",
        },
        "icon": Object {
          "$ref": "#/definitions/Picture",
          "title": "Название иконки",
        },
        "orientation": Object {
          "$ref": "#/definitions/ListOrientation",
          "title": "Отображать элементы в моб. версии (прокрутка shift+mouseScroll)",
        },
        "subtitle": Object {
          "title": "Описание",
          "type": "string",
        },
        "title": Object {
          "title": "Заголовок",
          "type": "string",
        },
      },
      "required": Array [
        "blockListType",
      ],
      "title": "Список документов",
      "type": "object",
    },
    "LinkDocsContent": Object {
      "properties": Object {
        "align": Object {
          "$ref": "#/definitions/AlignType",
        },
        "columnsMode": Object {
          "$ref": "#/definitions/LinkColumnsMode",
        },
        "documents": Object {
          "items": Object {
            "$ref": "#/definitions/LinkDocsItem",
          },
          "title": "Список",
          "type": "array",
        },
        "hasBorder": Object {
          "title": "Рамка элементов (моб.)",
          "type": "boolean",
        },
        "icon": Object {
          "$ref": "#/definitions/Picture",
          "title": "Название иконки",
        },
        "orientation": Object {
          "$ref": "#/definitions/ListOrientation",
          "title": "Отображать элементы в моб. версии (прокрутка shift+mouseScroll)",
        },
        "subtitle": Object {
          "title": "Описание",
          "type": "string",
        },
        "title": Object {
          "title": "Заголовок",
          "type": "string",
        },
      },
      "title": "Список документов",
      "type": "object",
    },
    "LinkDocsItem": Object {
      "properties": Object {
        "fileSize": Object {
          "title": "размер файла",
          "type": "string",
        },
        "href": Object {
          "title": "URL (href)",
          "type": "string",
        },
        "target": Object {
          "$ref": "#/definitions/Target",
        },
        "text": Object {
          "title": "Текст",
          "type": "string",
        },
      },
      "title": "Элемент списка",
      "type": "object",
    },
    "LinkListBlockListDef": Object {
      "default": Object {
        "blockListType": "LinkList",
      },
      "properties": Object {
        "blockListType": Object {
          "const": "LinkList",
          "type": "string",
        },
        "documents": Object {
          "items": Object {
            "$ref": "#/definitions/LinkProps",
          },
          "title": "Список",
          "type": "array",
        },
      },
      "required": Array [
        "blockListType",
      ],
      "title": "Список ссылок",
      "type": "object",
    },
    "LinkListContent": Object {
      "properties": Object {
        "documents": Object {
          "items": Object {
            "$ref": "#/definitions/LinkProps",
          },
          "title": "Список",
          "type": "array",
        },
      },
      "title": "Список документов",
      "type": "object",
    },
    "LinkProps": Object {
      "properties": Object {
        "href": Object {
          "title": "URL (href)",
          "type": "string",
        },
        "target": Object {
          "$ref": "#/definitions/Target",
        },
        "text": Object {
          "title": "Текст",
          "type": "string",
        },
      },
      "required": Array [
        "text",
        "href",
      ],
      "title": "Ссылка",
      "type": "object",
    },
    "ListContent": Object {
      "properties": Object {
        "items": Object {
          "items": Object {
            "type": "string",
          },
          "title": "Список",
          "type": "array",
        },
      },
      "type": "object",
    },
    "ListOrientation": Object {
      "enum": Array [
        "vertical",
        "horizontal",
      ],
      "enumNames": Array [
        "Вертикально",
        "Горизонтально",
      ],
      "title": "Направление списка",
      "type": "string",
    },
    "MiniGalleryBlockListDef": Object {
      "default": Object {
        "blockListType": "MiniGallery",
      },
      "properties": Object {
        "blockListType": Object {
          "const": "MiniGallery",
          "type": "string",
        },
        "cards": Object {
          "items": Object {
            "$ref": "#/definitions/GalleryCard",
          },
          "minItems": 3,
          "title": "Карточки",
          "type": "array",
        },
        "description": Object {
          "title": "Описание",
          "type": "string",
        },
        "orientation": Object {
          "$ref": "#/definitions/ListOrientation",
          "title": "Отображать элементы в моб. версии (прокрутка shift+mouseScroll)",
        },
        "title": Object {
          "title": "Заголовок",
          "type": "string",
        },
      },
      "required": Array [
        "blockListType",
      ],
      "title": "Мини-галлерея",
      "type": "object",
    },
    "MiniGalleryContent": Object {
      "$ref": "#/definitions/GalleryContent",
      "minItems": 4,
      "title": "Мини-галерея",
    },
    "MobileAppTileContent": Object {
      "properties": Object {
        "buttons": Object {
          "items": Object {
            "$ref": "#/definitions/ButtonWithIconProps",
          },
          "maxItems": 4,
          "title": "Кнопки",
          "type": "array",
        },
        "description": Object {
          "title": "Описание",
          "type": "string",
        },
        "href": Object {
          "title": "Ссылка",
          "type": "string",
        },
        "qr": Object {
          "$ref": "#/definitions/QRCode",
        },
        "title": Object {
          "title": "Заголовок",
          "type": "string",
        },
      },
      "title": "Мобильное приложение",
      "type": "object",
    },
    "MortgageCalculatorParams": Object {
      "description": "TODO: данные из справочника",
      "type": "object",
    },
    "MortgageCalculatorParamsDef": Object {
      "default": Object {
        "calcType": "MortgageCalculatorForm",
      },
      "properties": Object {
        "buttons": Object {
          "items": Object {
            "$ref": "#/definitions/ButtonWithIconProps",
          },
          "title": "Кнопки",
          "type": "array",
        },
        "calcType": Object {
          "const": "MortgageCalculatorForm",
          "type": "string",
        },
      },
      "required": Array [
        "calcType",
      ],
      "title": "Ипотечный калькулятор",
      "type": "object",
    },
    "NavigationContent": Object {
      "properties": Object {
        "buttons": Object {
          "items": Object {
            "$ref": "#/definitions/ButtonProps",
          },
          "title": "Список ссылок",
          "type": "array",
        },
        "title": Object {
          "title": "Заголовок",
          "type": "string",
        },
      },
      "title": "Навигация",
      "type": "object",
    },
    "NavigatorTabsContent": Object {
      "properties": Object {
        "navigatorTabs": Object {
          "items": Object {
            "$ref": "#/definitions/LinkProps",
          },
          "minItems": 3,
          "title": "Список табов",
          "type": "array",
        },
      },
      "title": "Блок табов",
      "type": "object",
    },
    "OtherProductsContent": Object {
      "properties": Object {
        "blockItems": Object {
          "items": Object {
            "$ref": "#/definitions/BlockItemCommonProps",
          },
          "title": "Список",
          "type": "array",
        },
        "colorPalette": Object {
          "$ref": "#/definitions/ColorPalette",
        },
        "title": Object {
          "title": "Заголовок",
          "type": "string",
        },
      },
      "title": "Другие продукты",
      "type": "object",
    },
    "Picture": Object {
      "properties": Object {
        "alt": Object {
          "title": "Альтернативный текст (alt)",
          "type": "string",
        },
        "className": Object {
          "type": "string",
        },
        "format": Object {
          "enum": Array [
            "jpeg",
            "jpg",
            "png",
            "gif",
            "webp",
            "heif",
            "avif",
          ],
          "title": "Формат",
          "type": "string",
        },
        "icon": Object {
          "$ref": "#/definitions/IconName",
          "title": "Иконка",
        },
        "iconVersion": Object {
          "$ref": "#/definitions/IconVersion",
        },
        "size": Object {
          "properties": Object {
            "height": Object {
              "title": "Высота",
              "type": "number",
            },
            "width": Object {
              "title": "Ширина",
              "type": "number",
            },
          },
          "title": "Размер изображения",
          "type": "object",
        },
        "sources": Object {
          "items": Object {
            "$ref": "#/definitions/ImgSource",
          },
          "title": "Другие форматы",
          "type": "array",
        },
        "src": Object {
          "title": "Картинка",
          "type": "string",
        },
        "title": Object {
          "title": "Текст подсказки (title)",
          "type": "string",
        },
      },
      "title": "Изображение",
      "type": "object",
    },
    "PictureTextBlockListDef": Object {
      "default": Object {
        "blockListType": "PictureText",
      },
      "properties": Object {
        "benefits": Object {
          "items": Object {
            "$ref": "#/definitions/Benefit",
          },
          "title": "Список преимуществ",
          "type": "array",
        },
        "blockListType": Object {
          "const": "PictureText",
          "type": "string",
        },
        "directionRight": Object {
          "default": false,
          "title": "Картинка справа/текст слева",
          "type": "boolean",
        },
        "image": Object {
          "$ref": "#/definitions/Picture",
        },
        "title": Object {
          "title": "Заголовок",
          "type": "string",
        },
        "version": Object {
          "$ref": "#/definitions/BlockVersion",
        },
      },
      "required": Array [
        "blockListType",
      ],
      "title": "Картинка с текстом",
      "type": "object",
    },
    "PictureTextContent": Object {
      "properties": Object {
        "benefits": Object {
          "items": Object {
            "$ref": "#/definitions/Benefit",
          },
          "title": "Список преимуществ",
          "type": "array",
        },
        "directionRight": Object {
          "default": false,
          "title": "Картинка справа/текст слева",
          "type": "boolean",
        },
        "image": Object {
          "$ref": "#/definitions/Picture",
        },
        "title": Object {
          "title": "Заголовок",
          "type": "string",
        },
        "version": Object {
          "$ref": "#/definitions/BlockVersion",
        },
      },
      "title": "Картинка с текстом",
      "type": "object",
    },
    "ProductBlockBlockListDef": Object {
      "default": Object {
        "blockListType": "ProductBlock",
      },
      "properties": Object {
        "backwardButton": Object {
          "$ref": "#/definitions/ButtonWithIconProps",
          "title": "Кнопка возврата",
        },
        "benefits": Object {
          "items": Object {
            "$ref": "#/definitions/Benefit",
          },
          "maxItems": 3,
          "minItems": 2,
          "title": "Преимущества",
          "type": "array",
        },
        "benefitsVersion": Object {
          "$ref": "#/definitions/IconVersion",
        },
        "blockListType": Object {
          "const": "ProductBlock",
          "type": "string",
        },
        "breadcrumbs": Object {
          "items": Object {
            "$ref": "#/definitions/LinkProps",
          },
          "title": "Хлебные крошки",
          "type": "array",
        },
        "buttons": Object {
          "items": Object {
            "$ref": "#/definitions/ButtonWithIconProps",
          },
          "maxItems": 4,
          "title": "Кнопки",
          "type": "array",
        },
        "description": Object {
          "title": "Описание",
          "type": "string",
        },
        "headingType": Object {
          "$ref": "#/definitions/HeadingType",
        },
        "image": Object {
          "$ref": "#/definitions/Picture",
        },
        "isDotted": Object {
          "default": true,
          "title": "Буллиты",
          "type": "boolean",
        },
        "items": Object {
          "items": Object {
            "type": "string",
          },
          "title": "Список",
          "type": "array",
        },
        "label": Object {
          "title": "Лейбл (моб.)",
          "type": "string",
        },
        "title": Object {
          "title": "Заголовок",
          "type": "string",
        },
        "version": Object {
          "$ref": "#/definitions/BlockVersion",
        },
      },
      "required": Array [
        "blockListType",
      ],
      "title": "Продуктовый блок",
      "type": "object",
    },
    "ProductBlockContent": Object {
      "properties": Object {
        "backwardButton": Object {
          "$ref": "#/definitions/ButtonWithIconProps",
          "title": "Кнопка возврата",
        },
        "benefits": Object {
          "items": Object {
            "$ref": "#/definitions/Benefit",
          },
          "maxItems": 3,
          "minItems": 2,
          "title": "Преимущества",
          "type": "array",
        },
        "benefitsVersion": Object {
          "$ref": "#/definitions/IconVersion",
        },
        "breadcrumbs": Object {
          "items": Object {
            "$ref": "#/definitions/LinkProps",
          },
          "title": "Хлебные крошки",
          "type": "array",
        },
        "buttons": Object {
          "items": Object {
            "$ref": "#/definitions/ButtonWithIconProps",
          },
          "maxItems": 4,
          "title": "Кнопки",
          "type": "array",
        },
        "description": Object {
          "title": "Описание",
          "type": "string",
        },
        "headingType": Object {
          "$ref": "#/definitions/HeadingType",
        },
        "image": Object {
          "$ref": "#/definitions/Picture",
        },
        "isDotted": Object {
          "default": true,
          "title": "Буллиты",
          "type": "boolean",
        },
        "items": Object {
          "items": Object {
            "type": "string",
          },
          "title": "Список",
          "type": "array",
        },
        "label": Object {
          "title": "Лейбл (моб.)",
          "type": "string",
        },
        "title": Object {
          "title": "Заголовок",
          "type": "string",
        },
        "version": Object {
          "$ref": "#/definitions/BlockVersion",
        },
      },
      "title": "Продуктовый блок",
      "type": "object",
    },
    "ProductBlockDef": Object {
      "default": Object {
        "blockType": "ProductBlock",
      },
      "properties": Object {
        "backwardButton": Object {
          "$ref": "#/definitions/ButtonWithIconProps",
          "title": "Кнопка возврата",
        },
        "benefits": Object {
          "items": Object {
            "$ref": "#/definitions/Benefit",
          },
          "maxItems": 3,
          "minItems": 2,
          "title": "Преимущества",
          "type": "array",
        },
        "benefitsVersion": Object {
          "$ref": "#/definitions/IconVersion",
        },
        "blockType": Object {
          "const": "ProductBlock",
          "type": "string",
        },
        "breadcrumbs": Object {
          "items": Object {
            "$ref": "#/definitions/LinkProps",
          },
          "title": "Хлебные крошки",
          "type": "array",
        },
        "buttons": Object {
          "items": Object {
            "$ref": "#/definitions/ButtonWithIconProps",
          },
          "maxItems": 4,
          "title": "Кнопки",
          "type": "array",
        },
        "description": Object {
          "title": "Описание",
          "type": "string",
        },
        "headingType": Object {
          "$ref": "#/definitions/HeadingType",
        },
        "image": Object {
          "$ref": "#/definitions/Picture",
        },
        "isDotted": Object {
          "default": true,
          "title": "Буллиты",
          "type": "boolean",
        },
        "items": Object {
          "items": Object {
            "type": "string",
          },
          "title": "Список",
          "type": "array",
        },
        "label": Object {
          "title": "Лейбл (моб.)",
          "type": "string",
        },
        "style": Object {
          "items": Object {
            "type": "string",
          },
          "title": "Стиль",
          "type": "array",
        },
        "tags": Object {
          "items": Object {
            "type": "string",
          },
          "title": "Теги",
          "type": "array",
        },
        "title": Object {
          "title": "Заголовок",
          "type": "string",
        },
        "version": Object {
          "$ref": "#/definitions/BlockVersion",
        },
      },
      "required": Array [
        "blockType",
      ],
      "title": "Продуктовый блок",
      "type": "object",
    },
    "ProductBlockInnerContent": Object {
      "properties": Object {
        "benefits": Object {
          "items": Object {
            "$ref": "#/definitions/Benefit",
          },
          "maxItems": 3,
          "minItems": 2,
          "title": "Преимущества",
          "type": "array",
        },
        "benefitsVersion": Object {
          "$ref": "#/definitions/IconVersion",
        },
        "buttons": Object {
          "items": Object {
            "$ref": "#/definitions/ButtonWithIconProps",
          },
          "maxItems": 4,
          "title": "Кнопки",
          "type": "array",
        },
        "description": Object {
          "title": "Описание",
          "type": "string",
        },
        "headingType": Object {
          "$ref": "#/definitions/HeadingType",
        },
        "image": Object {
          "$ref": "#/definitions/Picture",
        },
        "isDotted": Object {
          "default": true,
          "title": "Буллиты",
          "type": "boolean",
        },
        "items": Object {
          "items": Object {
            "type": "string",
          },
          "title": "Список",
          "type": "array",
        },
        "label": Object {
          "title": "Лейбл (моб.)",
          "type": "string",
        },
        "title": Object {
          "title": "Заголовок",
          "type": "string",
        },
        "version": Object {
          "$ref": "#/definitions/BlockVersion",
        },
      },
      "type": "object",
    },
    "ProductGalleryContent": Object {
      "properties": Object {
        "slides": Object {
          "items": Object {
            "$ref": "#/definitions/ProductSlide",
          },
          "minItems": 2,
          "title": "Слайды",
          "type": "array",
        },
        "version": Object {
          "$ref": "#/definitions/BlockVersion",
        },
      },
      "title": "Продуктовая галерея",
      "type": "object",
    },
    "ProductSlide": Object {
      "properties": Object {
        "nav": Object {
          "properties": Object {
            "description": Object {
              "title": "Описание",
              "type": "string",
            },
            "title": Object {
              "title": "Заголовок",
              "type": "string",
            },
          },
          "required": Array [
            "title",
            "description",
          ],
          "title": "Превью содержимого слайда на навигации",
          "type": "object",
        },
        "productBlock": Object {
          "$ref": "#/definitions/ProductBlockInnerContent",
          "title": "Содержимое слайда",
        },
      },
      "required": Array [
        "productBlock",
      ],
      "title": "Слайд",
      "type": "object",
    },
    "ProductTileBlockListDef": Object {
      "default": Object {
        "blockListType": "ProductTile",
      },
      "properties": Object {
        "additionalDescription": Object {
          "title": "Дополнительное описание",
          "type": "string",
        },
        "benefits": Object {
          "items": Object {
            "$ref": "#/definitions/TextBenefit",
          },
          "maxItems": 7,
          "title": "Преимущества",
          "type": "array",
        },
        "blockListType": Object {
          "const": "ProductTile",
          "type": "string",
        },
        "buttons": Object {
          "items": Object {
            "$ref": "#/definitions/ButtonWithIconProps",
          },
          "maxItems": 4,
          "title": "Кнопки",
          "type": "array",
        },
        "description": Object {
          "title": "Описание",
          "type": "string",
        },
        "headingType": Object {
          "$ref": "#/definitions/HeadingType",
        },
        "image": Object {
          "$ref": "#/definitions/Picture",
        },
        "title": Object {
          "title": "Заголовок",
          "type": "string",
        },
        "version": Object {
          "$ref": "#/definitions/BlockVersion",
        },
      },
      "required": Array [
        "blockListType",
      ],
      "title": "Продуктовая плитка",
      "type": "object",
    },
    "ProductTileContent": Object {
      "properties": Object {
        "additionalDescription": Object {
          "title": "Дополнительное описание",
          "type": "string",
        },
        "benefits": Object {
          "items": Object {
            "$ref": "#/definitions/TextBenefit",
          },
          "maxItems": 7,
          "title": "Преимущества",
          "type": "array",
        },
        "buttons": Object {
          "items": Object {
            "$ref": "#/definitions/ButtonWithIconProps",
          },
          "maxItems": 4,
          "title": "Кнопки",
          "type": "array",
        },
        "description": Object {
          "title": "Описание",
          "type": "string",
        },
        "headingType": Object {
          "$ref": "#/definitions/HeadingType",
        },
        "image": Object {
          "$ref": "#/definitions/Picture",
        },
        "title": Object {
          "title": "Заголовок",
          "type": "string",
        },
        "version": Object {
          "$ref": "#/definitions/BlockVersion",
        },
      },
      "title": "Продуктовая плитка",
      "type": "object",
    },
    "ProductTileDef": Object {
      "default": Object {
        "blockType": "ProductTile",
      },
      "properties": Object {
        "additionalDescription": Object {
          "title": "Дополнительное описание",
          "type": "string",
        },
        "benefits": Object {
          "items": Object {
            "$ref": "#/definitions/TextBenefit",
          },
          "maxItems": 7,
          "title": "Преимущества",
          "type": "array",
        },
        "blockType": Object {
          "const": "ProductTile",
          "type": "string",
        },
        "buttons": Object {
          "items": Object {
            "$ref": "#/definitions/ButtonWithIconProps",
          },
          "maxItems": 4,
          "title": "Кнопки",
          "type": "array",
        },
        "description": Object {
          "title": "Описание",
          "type": "string",
        },
        "headingType": Object {
          "$ref": "#/definitions/HeadingType",
        },
        "image": Object {
          "$ref": "#/definitions/Picture",
        },
        "style": Object {
          "items": Object {
            "type": "string",
          },
          "title": "Стиль",
          "type": "array",
        },
        "tags": Object {
          "items": Object {
            "type": "string",
          },
          "title": "Теги",
          "type": "array",
        },
        "title": Object {
          "title": "Заголовок",
          "type": "string",
        },
        "version": Object {
          "$ref": "#/definitions/BlockVersion",
        },
      },
      "required": Array [
        "blockType",
      ],
      "title": "Продуктовая плитка",
      "type": "object",
    },
    "PromoTileContent": Object {
      "properties": Object {
        "buttons": Object {
          "items": Object {
            "$ref": "#/definitions/ButtonWithIconProps",
          },
          "maxItems": 4,
          "title": "Кнопки",
          "type": "array",
        },
        "date": Object {
          "title": "Дата публикации",
          "type": "string",
        },
        "description": Object {
          "title": "Описание",
          "type": "string",
        },
        "title": Object {
          "title": "Заголовок",
          "type": "string",
        },
        "version": Object {
          "$ref": "#/definitions/BlockVersion",
        },
      },
      "title": "Акции",
      "type": "object",
    },
    "QRCode": Object {
      "properties": Object {
        "href": Object {
          "title": "Ссылка",
          "type": "string",
        },
        "src": Object {
          "title": "QR код",
          "type": "string",
        },
      },
      "title": "QR код",
      "type": "object",
    },
    "RecommendationCardTypes": Object {
      "properties": Object {
        "description": Object {
          "title": "Описание",
          "type": "string",
        },
        "image": Object {
          "$ref": "#/definitions/Picture",
        },
        "items": Object {
          "items": Object {
            "type": "string",
          },
          "title": "Список",
          "type": "array",
        },
        "socialMedia": Object {
          "items": Object {
            "$ref": "#/definitions/LinkProps",
          },
          "minItems": 3,
          "title": "Соц сети",
          "type": "array",
        },
        "title": Object {
          "title": "Заголовок",
          "type": "string",
        },
      },
      "type": "object",
    },
    "RecommendationContent": Object {
      "properties": Object {
        "recommendations": Object {
          "items": Object {
            "$ref": "#/definitions/RecommendationCardTypes",
          },
          "title": "Карточки",
          "type": "array",
        },
        "title": Object {
          "title": "Заголовок",
          "type": "string",
        },
        "version": Object {
          "$ref": "#/definitions/BlockVersion",
        },
      },
      "title": "Рекомендации",
      "type": "object",
    },
    "RowHeader": Object {
      "properties": Object {
        "title": Object {
          "title": "Заголовок",
          "type": "string",
        },
      },
      "title": "Параметр",
      "type": "object",
    },
    "SitemapProps": Object {
      "properties": Object {
        "dispositions": Object {
          "items": Object {
            "$ref": "#/definitions/DispositionItem",
          },
          "title": "Дополнительное меню",
          "type": "array",
        },
        "topItems": Object {
          "items": Object {
            "$ref": "#/definitions/TopMenuItem",
          },
          "title": "Основное меню",
          "type": "array",
        },
      },
      "type": "object",
    },
    "SizeVersion": Object {
      "enum": Array [
        "normal",
        "small",
      ],
      "enumNames": Array [
        "Обычный",
        "Уменьшенный",
      ],
      "title": "Размер",
      "type": "string",
    },
    "SocialMedia": Object {
      "properties": Object {
        "href": Object {
          "title": "URL (href)",
          "type": "string",
        },
        "target": Object {
          "$ref": "#/definitions/Target",
        },
      },
      "required": Array [
        "href",
      ],
      "type": "object",
    },
    "Step": Object {
      "properties": Object {
        "button": Object {
          "$ref": "#/definitions/ButtonProps",
        },
        "description": Object {
          "title": "Описание",
          "type": "string",
        },
        "icon": Object {
          "$ref": "#/definitions/Picture",
        },
        "label": Object {
          "title": "Название",
          "type": "string",
        },
      },
      "title": "Шаг",
      "type": "object",
    },
    "StepsBlockContent": Object {
      "properties": Object {
        "button": Object {
          "$ref": "#/definitions/ButtonProps",
        },
        "description": Object {
          "title": "Описание",
          "type": "string",
        },
        "showLines": Object {
          "default": true,
          "title": "Линии",
          "type": "boolean",
        },
        "size": Object {
          "$ref": "#/definitions/SizeVersion",
          "title": "Размер шагов (моб.)",
        },
        "steps": Object {
          "items": Object {
            "$ref": "#/definitions/Step",
          },
          "maxItems": 4,
          "minItems": 2,
          "title": "Шаги",
          "type": "array",
        },
        "title": Object {
          "title": "Заголовок",
          "type": "string",
        },
        "version": Object {
          "$ref": "#/definitions/BlockVersion",
        },
      },
      "title": "Блок шаги",
      "type": "object",
    },
    "SubMenuItem": Object {
      "properties": Object {
        "href": Object {
          "title": "URL (href)",
          "type": "string",
        },
        "icon": Object {
          "$ref": "#/definitions/Picture",
        },
        "target": Object {
          "$ref": "#/definitions/Target",
        },
        "text": Object {
          "title": "Текст",
          "type": "string",
        },
      },
      "title": "Пункт подменю",
      "type": "object",
    },
    "Tab": Object {
      "properties": Object {
        "description": Object {
          "title": "Описание",
          "type": "string",
        },
        "icon": Object {
          "$ref": "#/definitions/Picture",
        },
        "title": Object {
          "title": "Имя вкладки",
          "type": "string",
        },
      },
      "title": "Вкладка",
      "type": "object",
    },
    "TableColumnData": Object {
      "properties": Object {
        "cell": Object {
          "items": Object {
            "$ref": "#/definitions/CellData",
          },
          "type": "array",
        },
        "rowHeader": Object {
          "type": "string",
        },
      },
      "required": Array [
        "cell",
      ],
      "title": "Ячейка",
      "type": "object",
    },
    "TableColumnHeader": Object {
      "properties": Object {
        "icon": Object {
          "$ref": "#/definitions/Picture",
        },
        "title": Object {
          "title": "Заголовок",
          "type": "string",
        },
      },
      "title": "Параметр",
      "type": "object",
    },
    "Target": Object {
      "enum": Array [
        "",
        "_self",
        "_blank",
        "_parent",
        "_top",
      ],
      "enumNames": Array [
        "",
        "self (текущее окно или фрейм)",
        "blank (новое окно)",
        "parent (фрейм-родитель)",
        "top (текущее окно)",
      ],
      "title": "Таргет (target)",
      "type": "string",
    },
    "TariffsTableCellData": Object {
      "properties": Object {
        "buttons": Object {
          "items": Object {
            "$ref": "#/definitions/ButtonWithIconProps",
          },
          "maxItems": 4,
          "title": "Кнопки",
          "type": "array",
        },
        "description": Object {
          "title": "Описание",
          "type": "string",
        },
        "image": Object {
          "$ref": "#/definitions/Picture",
        },
        "label": Object {
          "title": "Заголовок",
          "type": "string",
        },
        "list": Object {
          "$ref": "#/definitions/TariffsTableList",
        },
      },
      "title": "Ячейка",
      "type": "object",
    },
    "TariffsTableColumn": Object {
      "properties": Object {
        "data": Object {
          "items": Object {
            "items": Object {
              "$ref": "#/definitions/TariffsTableCellData",
            },
            "type": "array",
          },
          "title": "Данные",
          "type": "array",
        },
      },
      "title": "Колонка",
      "type": "object",
    },
    "TariffsTableContent": Object {
      "properties": Object {
        "columns": Object {
          "items": Object {
            "$ref": "#/definitions/TariffsTableColumn",
          },
          "title": "Колонки",
          "type": "array",
        },
        "description": Object {
          "title": "Описание",
          "type": "string",
        },
        "hiddenRowsNum": Object {
          "title": "Скрывать строк",
          "type": "number",
        },
        "orientation": Object {
          "$ref": "#/definitions/ListOrientation",
          "title": "Отображать элементы в моб. версии (прокрутка shift+mouseScroll)",
        },
        "rowHeaders": Object {
          "items": Object {
            "$ref": "#/definitions/TariffsTableRowHeader",
          },
          "title": "Параметры",
          "type": "array",
        },
        "title": Object {
          "title": "Заголовок",
          "type": "string",
        },
      },
      "title": "Таблица тарифов",
      "type": "object",
    },
    "TariffsTableList": Object {
      "properties": Object {
        "isDotted": Object {
          "title": "Маркеры",
          "type": "boolean",
        },
        "items": Object {
          "items": Object {
            "type": "string",
          },
          "title": "Список",
          "type": "array",
        },
      },
      "title": "Список",
      "type": "object",
    },
    "TariffsTableRowData": Object {
      "properties": Object {
        "data": Object {
          "items": Object {
            "items": Object {
              "$ref": "#/definitions/TariffsTableCellData",
            },
            "type": "array",
          },
          "type": "array",
        },
        "header": Object {
          "$ref": "#/definitions/TariffsTableRowHeader",
        },
      },
      "required": Array [
        "header",
        "data",
      ],
      "title": "Ряд",
      "type": "object",
    },
    "TariffsTableRowHeader": Object {
      "properties": Object {
        "icon": Object {
          "$ref": "#/definitions/Picture",
        },
        "title": Object {
          "title": "Заголовок",
          "type": "string",
        },
      },
      "title": "Параметр",
      "type": "object",
    },
    "TextBenefit": Object {
      "properties": Object {
        "description": Object {
          "title": "Описание",
          "type": "string",
        },
        "label": Object {
          "title": "Название",
          "type": "string",
        },
      },
      "type": "object",
    },
    "TextBlockBlockListDef": Object {
      "default": Object {
        "blockListType": "TextBlock",
      },
      "properties": Object {
        "blockListType": Object {
          "const": "TextBlock",
          "type": "string",
        },
        "blockVersion": Object {
          "$ref": "#/definitions/TextBlockVersion",
        },
        "description": Object {
          "title": "Описание",
          "type": "string",
        },
        "iconVersion": Object {
          "$ref": "#/definitions/TextBlockIconVersion",
        },
        "image": Object {
          "$ref": "#/definitions/Picture",
        },
        "isDotted": Object {
          "title": "Буллиты",
          "type": "boolean",
        },
        "items": Object {
          "items": Object {
            "type": "string",
          },
          "title": "Список (моб.)",
          "type": "array",
        },
        "title": Object {
          "title": "Заголовок",
          "type": "string",
        },
      },
      "required": Array [
        "blockListType",
      ],
      "title": "Текстовый блок",
      "type": "object",
    },
    "TextBlockContent": Object {
      "properties": Object {
        "blockVersion": Object {
          "$ref": "#/definitions/TextBlockVersion",
        },
        "description": Object {
          "title": "Описание",
          "type": "string",
        },
        "iconVersion": Object {
          "$ref": "#/definitions/TextBlockIconVersion",
        },
        "image": Object {
          "$ref": "#/definitions/Picture",
        },
        "isDotted": Object {
          "title": "Буллиты",
          "type": "boolean",
        },
        "items": Object {
          "items": Object {
            "type": "string",
          },
          "title": "Список (моб.)",
          "type": "array",
        },
        "title": Object {
          "title": "Заголовок",
          "type": "string",
        },
      },
      "title": "Текстовый блок",
      "type": "object",
    },
    "TextBlockIconVersion": Object {
      "enum": Array [
        "none",
        "small",
        "big",
      ],
      "enumNames": Array [
        "Нет",
        "Маленькая",
        "Большая",
      ],
      "title": "Размер иконки",
      "type": "string",
    },
    "TextBlockVersion": Object {
      "enum": Array [
        "primary",
        "secondary",
        "secondary-light",
      ],
      "enumNames": Array [
        "Основная",
        "Второстепенная",
        "Второстепенная прозрачная",
      ],
      "title": "Цвет блока",
      "type": "string",
    },
    "TileBlockListDef": Object {
      "default": Object {
        "blockListType": "Tile",
      },
      "properties": Object {
        "blockListType": Object {
          "const": "Tile",
          "type": "string",
        },
        "buttons": Object {
          "items": Object {
            "$ref": "#/definitions/ButtonWithIconProps",
          },
          "maxItems": 4,
          "title": "Кнопки",
          "type": "array",
        },
        "description": Object {
          "title": "Описание",
          "type": "string",
        },
        "headingType": Object {
          "$ref": "#/definitions/HeadingType",
        },
        "image": Object {
          "$ref": "#/definitions/Picture",
        },
        "items": Object {
          "items": Object {
            "type": "string",
          },
          "title": "Список",
          "type": "array",
        },
        "title": Object {
          "title": "Заголовок",
          "type": "string",
        },
        "version": Object {
          "$ref": "#/definitions/BlockVersion",
        },
      },
      "required": Array [
        "blockListType",
      ],
      "title": "Плитка",
      "type": "object",
    },
    "TileContent": Object {
      "properties": Object {
        "buttons": Object {
          "items": Object {
            "$ref": "#/definitions/ButtonWithIconProps",
          },
          "maxItems": 4,
          "title": "Кнопки",
          "type": "array",
        },
        "description": Object {
          "title": "Описание",
          "type": "string",
        },
        "headingType": Object {
          "$ref": "#/definitions/HeadingType",
        },
        "image": Object {
          "$ref": "#/definitions/Picture",
        },
        "items": Object {
          "items": Object {
            "type": "string",
          },
          "title": "Список",
          "type": "array",
        },
        "title": Object {
          "title": "Заголовок",
          "type": "string",
        },
        "version": Object {
          "$ref": "#/definitions/BlockVersion",
        },
      },
      "title": "Плитка",
      "type": "object",
    },
    "TitleWithImageContent": Object {
      "properties": Object {
        "image": Object {
          "$ref": "#/definitions/Picture",
        },
        "title": Object {
          "title": "Заголовок",
          "type": "string",
        },
      },
      "type": "object",
    },
    "TopMenuItem": Object {
      "properties": Object {
        "href": Object {
          "title": "URL (href)",
          "type": "string",
        },
        "target": Object {
          "$ref": "#/definitions/Target",
        },
        "text": Object {
          "title": "Текст",
          "type": "string",
        },
      },
      "required": Array [
        "text",
        "href",
      ],
      "title": "Ссылка",
      "type": "object",
    },
  },
}
`;
