// Jest Snapshot v1, https://goo.gl/fbAQLP

exports[`JSON Schema Generator should generate schema according to *Content types 1`] = `
Object {
  "$schema": "http://json-schema.org/draft-07/schema#",
  "definitions": Object {
    "AccordionContent": Object {
      "properties": Object {
        "accordionAlignTitle": Object {
          "$ref": "#/definitions/AlignType",
          "default": "center",
          "title": "Выравнивание заголовка",
        },
        "bordered": Object {
          "default": false,
          "title": "Отображать/скрывать обводку у элемента списка",
          "type": "boolean",
        },
        "description": Object {
          "title": "Описание",
          "type": "string",
        },
        "title": Object {
          "title": "Заголовок",
          "type": "string",
        },
        "version": Object {
          "$ref": "#/definitions/BlockVersion",
        },
      },
      "title": "Аккордеон",
      "type": "object",
    },
    "AccordionItemContent": Object {
      "properties": Object {
        "isExpanded": Object {
          "title": "Отображать в раскрытом виде",
          "type": "boolean",
        },
        "label": Object {
          "default": "Список",
          "title": "Название",
          "type": "string",
        },
        "labelIcon": Object {
          "$ref": "#/definitions/Picture",
        },
      },
      "title": "Элемент аккордиона",
      "type": "object",
    },
    "AlignType": Object {
      "enum": Array [
        "left",
        "center",
        "right",
      ],
      "enumNames": Array [
        "По левому краю",
        "По центру",
        "По правому краю",
      ],
      "title": "Выравнивание",
      "type": "string",
    },
    "BackwardButtonProps": Object {
      "properties": Object {
        "aboveText": Object {
          "title": "Верхний текст",
          "type": "string",
        },
        "href": Object {
          "title": "URL (href)",
          "type": "string",
        },
        "icon": Object {
          "$ref": "#/definitions/Picture",
          "title": "Иконка",
        },
        "rounded": Object {
          "title": "Закругленные углы",
          "type": "boolean",
        },
        "target": Object {
          "$ref": "#/definitions/Target",
        },
        "text": Object {
          "default": "Кнопка",
          "title": "Текст",
          "type": "string",
        },
        "version": Object {
          "$ref": "#/definitions/ButtonVersion",
        },
      },
      "type": "object",
    },
    "BenefitBlockItemProps": Object {
      "properties": Object {
        "description": Object {
          "$ref": "#/definitions/DescriptionDef",
          "title": "Описание",
        },
        "icon": Object {
          "$ref": "#/definitions/Picture",
          "title": "Иконка",
        },
        "label": Object {
          "title": "Название",
          "type": "string",
        },
      },
      "title": "Преимущество",
      "type": "object",
    },
    "BenefitItemCommonProps": Object {
      "type": "object",
    },
    "BenefitItemProps": Object {
      "properties": Object {
        "description": Object {
          "title": "Описание",
          "type": "string",
        },
        "icon": Object {
          "$ref": "#/definitions/Picture",
          "title": "Иконка",
        },
        "label": Object {
          "title": "Название",
          "type": "string",
        },
      },
      "type": "object",
    },
    "BenefitsBlockContent": Object {
      "properties": Object {
        "benefitList": Object {
          "items": Object {
            "$ref": "#/definitions/BenefitBlockItemProps",
          },
          "maxItems": 6,
          "title": "Список преимуществ",
          "type": "array",
        },
        "benefitsBlockVersion": Object {
          "$ref": "#/definitions/BlockVersion",
          "default": "primary",
        },
        "title": Object {
          "title": "Заголовок",
          "type": "string",
        },
      },
      "title": "Блок преимущества",
      "type": "object",
    },
    "BenefitsProps": Object {
      "properties": Object {
        "benefits": Object {
          "items": Object {
            "$ref": "#/definitions/BenefitItemProps",
          },
          "title": "Список преимуществ",
          "type": "array",
        },
      },
      "title": "Преимущество",
      "type": "object",
    },
    "BlockVersion": Object {
      "enum": Array [
        "primary",
        "secondary",
      ],
      "enumNames": Array [
        "Основная",
        "Второстепенная",
      ],
      "title": "Цвет блока",
      "type": "string",
    },
    "BlockVersionWithTransparent": Object {
      "enum": Array [
        "transparent",
        "primary",
        "secondary",
      ],
      "enumNames": Array [
        "Прозрачная",
        "Основная",
        "Второстепенная",
      ],
      "title": "Цвет блока",
      "type": "string",
    },
    "BonusBenefit": Object {
      "properties": Object {
        "icon": Object {
          "$ref": "#/definitions/Picture",
          "title": "Иконка",
        },
        "label": Object {
          "title": "Название",
          "type": "string",
        },
      },
      "title": "Бонус и преимущество",
      "type": "object",
    },
    "BonusBenefitsBlockContent": Object {
      "properties": Object {
        "bonusBenefits": Object {
          "items": Object {
            "$ref": "#/definitions/BonusBenefit",
          },
          "title": "Список бонусов",
          "type": "array",
        },
        "columnsCount": Object {
          "enum": Array [
            "4",
            "5",
          ],
          "enumNames": Array [
            "Четыре колонки",
            "Пять колонок",
          ],
          "title": "Количество элементов в строке",
          "type": "string",
        },
        "subtitle": Object {
          "title": "Подзаголовок",
          "type": "string",
        },
        "title": Object {
          "title": "Заголовок",
          "type": "string",
        },
      },
      "title": "Блок бонусов и преимуществ",
      "type": "object",
    },
    "BonusCalculatorParams": Object {
      "description": "TODO: данные из справочника",
      "properties": Object {
        "maxBonus": Object {
          "type": "number",
        },
        "prefMonthsNum": Object {
          "type": "number",
        },
        "prefRestBonusRate": Object {
          "type": "number",
        },
        "prefTravelBonusRate": Object {
          "type": "number",
        },
        "restBonusRate": Object {
          "type": "number",
        },
        "travelBonusRate": Object {
          "type": "number",
        },
      },
      "type": "object",
    },
    "BonusCalculatorParamsDef": Object {
      "default": Object {
        "calcType": "BonusCalculatorForm",
      },
      "properties": Object {
        "buttons": Object {
          "items": Object {
            "$ref": "#/definitions/ButtonWithIconProps",
          },
          "title": "Кнопки",
          "type": "array",
        },
        "calcType": Object {
          "const": "BonusCalculatorForm",
          "type": "string",
        },
        "footnote": Object {
          "title": "Сноска",
          "type": "string",
        },
        "maxBonus": Object {
          "type": "number",
        },
        "prefMonthsNum": Object {
          "type": "number",
        },
        "prefRestBonusRate": Object {
          "type": "number",
        },
        "prefTravelBonusRate": Object {
          "type": "number",
        },
        "restBonusRate": Object {
          "type": "number",
        },
        "sourceBookDir": Object {
          "title": "Адрес справочника",
          "type": "string",
        },
        "title": Object {
          "title": "Заголовок",
          "type": "string",
        },
        "travelBonusRate": Object {
          "type": "number",
        },
      },
      "required": Array [
        "calcType",
      ],
      "title": "Калькулятор бонусов",
      "type": "object",
    },
    "BonusContent": Object {
      "properties": Object {
        "bonusItems": Object {
          "items": Object {
            "$ref": "#/definitions/BonusItem",
          },
          "title": "Список плиток",
          "type": "array",
        },
        "description": Object {
          "title": "Описание",
          "type": "string",
        },
        "title": Object {
          "title": "Заголовок",
          "type": "string",
        },
      },
      "title": "Блок Бонусы",
      "type": "object",
    },
    "BonusCountDef": Object {
      "properties": Object {
        "bonusCount": Object {
          "title": "Количество баллов",
          "type": "string",
        },
        "bonusName": Object {
          "title": "Наименование",
          "type": "string",
        },
        "bonusType": Object {
          "const": "count",
          "default": "count",
          "type": "string",
        },
      },
      "title": "Баллы",
      "type": "object",
    },
    "BonusImageDef": Object {
      "properties": Object {
        "bonusType": Object {
          "const": "image",
          "default": "image",
          "type": "string",
        },
        "image": Object {
          "$ref": "#/definitions/Picture",
        },
      },
      "title": "Изображение",
      "type": "object",
    },
    "BonusItem": Object {
      "properties": Object {
        "bonusItemContent": Object {
          "$ref": "#/definitions/BonusItemContentDef",
        },
        "buttons": Object {
          "items": Object {
            "$ref": "#/definitions/ButtonWithIconProps",
          },
          "maxItems": 1,
          "title": "Кнопка",
          "type": "array",
        },
        "description": Object {
          "title": "Описание",
          "type": "string",
        },
        "title": Object {
          "title": "Заголовок",
          "type": "string",
        },
      },
      "title": "Плитка",
      "type": "object",
    },
    "BonusItemContentDef": Object {
      "anyOf": Array [
        Object {
          "$ref": "#/definitions/EmptyOption",
        },
        Object {
          "$ref": "#/definitions/BonusImageDef",
        },
        Object {
          "$ref": "#/definitions/BonusCountDef",
        },
      ],
      "title": "Вид контента",
    },
    "ButtonContent": Object {
      "properties": Object {
        "buttons": Object {
          "items": Object {
            "$ref": "#/definitions/ButtonWithIconProps",
          },
          "maxItems": 4,
          "title": "Кнопки",
          "type": "array",
        },
      },
      "type": "object",
    },
    "ButtonProps": Object {
      "properties": Object {
        "href": Object {
          "title": "URL (href)",
          "type": "string",
        },
        "rounded": Object {
          "title": "Закругленные углы",
          "type": "boolean",
        },
        "target": Object {
          "$ref": "#/definitions/Target",
        },
        "text": Object {
          "default": "Кнопка",
          "title": "Текст",
          "type": "string",
        },
        "version": Object {
          "$ref": "#/definitions/ButtonVersion",
        },
      },
      "title": "Кнопка",
      "type": "object",
    },
    "ButtonVersion": Object {
      "default": "primary",
      "enum": Array [
        "primary",
        "secondary",
        "white",
        "link",
      ],
      "enumNames": Array [
        "Основная",
        "Второстепенная",
        "Белая",
        "Ссылка",
      ],
      "title": "Цвет кнопки",
      "type": "string",
    },
    "ButtonWithIconProps": Object {
      "properties": Object {
        "aboveText": Object {
          "title": "Верхний текст",
          "type": "string",
        },
        "href": Object {
          "title": "URL (href)",
          "type": "string",
        },
        "rounded": Object {
          "title": "Закругленные углы",
          "type": "boolean",
        },
        "target": Object {
          "$ref": "#/definitions/Target",
        },
        "text": Object {
          "default": "Кнопка",
          "title": "Текст",
          "type": "string",
        },
        "version": Object {
          "$ref": "#/definitions/ButtonVersion",
        },
      },
      "type": "object",
    },
    "ButtonsCellDef": Object {
      "properties": Object {
        "buttons": Object {
          "items": Object {
            "$ref": "#/definitions/ButtonWithIconProps",
          },
          "maxItems": 4,
          "title": "Кнопки",
          "type": "array",
        },
        "tableCellType": Object {
          "const": "Buttons",
          "default": "Buttons",
          "type": "string",
        },
      },
      "required": Array [
        "tableCellType",
      ],
      "title": "Кнопки",
      "type": "object",
    },
    "CalculatorBlockDef": Object {
      "anyOf": Array [
        Object {
          "$ref": "#/definitions/EmptyOption",
        },
        Object {
          "$ref": "#/definitions/CreditCalculatorParamsDef",
        },
        Object {
          "$ref": "#/definitions/DepositCalculatorParamsDef",
        },
        Object {
          "$ref": "#/definitions/BonusCalculatorParamsDef",
        },
      ],
      "title": "Настройки калькулятора",
    },
    "CalculatorContent": Object {
      "properties": Object {
        "calculatorTabs": Object {
          "items": Object {
            "$ref": "#/definitions/CalculatorTab",
          },
          "title": "Вкладки",
          "type": "array",
        },
      },
      "title": "Калькулятор",
      "type": "object",
    },
    "CalculatorNav": Object {
      "properties": Object {
        "description": Object {
          "title": "Описание",
          "type": "string",
        },
        "icon": Object {
          "$ref": "#/definitions/Picture",
          "title": "Иконка",
        },
        "title": Object {
          "title": "Заголовок",
          "type": "string",
        },
      },
      "title": "Кнопка навигации",
      "type": "object",
    },
    "CalculatorTab": Object {
      "properties": Object {
        "calculatorBlock": Object {
          "$ref": "#/definitions/CalculatorBlockDef",
        },
        "nav": Object {
          "$ref": "#/definitions/CalculatorNav",
        },
      },
      "title": "Вкладка",
      "type": "object",
    },
    "CalendarItem": Object {
      "properties": Object {
        "greenText": Object {
          "title": "Вспомогательный текст",
          "type": "string",
        },
        "month": Object {
          "items": Object {
            "$ref": "#/definitions/Month",
          },
          "title": "Месяцы",
          "type": "array",
        },
        "text": Object {
          "title": "Основной текст",
          "type": "string",
        },
      },
      "type": "object",
    },
    "CardItem": Object {
      "properties": Object {
        "fee": Object {
          "title": "Страховой взнос",
          "type": "number",
        },
        "href": Object {
          "title": "Ссылка на программу",
          "type": "string",
        },
        "icon": Object {
          "$ref": "#/definitions/Picture",
          "title": "Иконка",
        },
        "sum": Object {
          "title": "Страховая сумма",
          "type": "number",
        },
      },
      "title": "Кнопка выбора программы",
      "type": "object",
    },
    "CardTransferContent": Object {
      "properties": Object {
        "button": Object {
          "$ref": "#/definitions/ButtonProps",
        },
        "label": Object {
          "title": "Название",
          "type": "string",
        },
        "placeholder": Object {
          "title": "Плейсхолдер",
          "type": "string",
        },
        "title": Object {
          "title": "Заголовок",
          "type": "string",
        },
      },
      "title": "Перевод с карты на карту",
      "type": "object",
    },
    "CatalogCardType": Object {
      "properties": Object {
        "button": Object {
          "$ref": "#/definitions/ButtonWithIconProps",
          "default": Object {
            "icon": Object {
              "format": "webp",
              "size": Object {
                "height": 24,
                "width": 24,
              },
            },
            "iconRight": Object {
              "format": "webp",
              "size": Object {
                "height": 24,
                "width": 24,
              },
            },
          },
          "title": "Кнопка",
        },
        "colors": Object {
          "items": Object {
            "$ref": "#/definitions/ProductColorVersion",
          },
          "title": "Доступные цвета",
          "type": "array",
        },
        "description": Object {
          "title": "Описание",
          "type": "string",
        },
        "image": Object {
          "$ref": "#/definitions/Picture",
        },
        "price": Object {
          "title": "Цена в рублях",
          "type": "number",
        },
        "title": Object {
          "title": "Заголовок",
          "type": "string",
        },
      },
      "type": "object",
    },
    "CatalogContent": Object {
      "properties": Object {
        "cards": Object {
          "items": Object {
            "$ref": "#/definitions/CatalogCardType",
          },
          "title": "Список карточек",
          "type": "array",
        },
        "description": Object {
          "title": "Описание",
          "type": "string",
        },
        "title": Object {
          "title": "Заголовок",
          "type": "string",
        },
      },
      "title": "Каталог",
      "type": "object",
    },
    "CellData": Object {
      "properties": Object {
        "description": Object {
          "title": "Описание",
          "type": "string",
        },
        "label": Object {
          "title": "Название",
          "type": "string",
        },
      },
      "title": "Ячейка",
      "type": "object",
    },
    "CellDef": Object {
      "anyOf": Array [
        Object {
          "$ref": "#/definitions/EmptyOption",
        },
        Object {
          "$ref": "#/definitions/ImageCellDef",
        },
        Object {
          "$ref": "#/definitions/ButtonsCellDef",
        },
        Object {
          "$ref": "#/definitions/LabelDescriptionCellDef",
        },
        Object {
          "$ref": "#/definitions/ListBlockDef",
        },
        Object {
          "$ref": "#/definitions/InnerTableBlockDef",
        },
      ],
      "title": "Содержимое ячейки",
    },
    "ColorPalette": Object {
      "enum": Array [
        "",
        "pc",
        "bc",
        "eo",
      ],
      "enumNames": Array [
        "",
        "Частным клиентам",
        "Бизнес клиентам",
        "Экосистема Своё",
      ],
      "title": "Цветовая палитра",
      "type": "string",
    },
    "Column": Object {
      "properties": Object {
        "data": Object {
          "items": Object {
            "items": Object {
              "$ref": "#/definitions/CellData",
            },
            "type": "array",
          },
          "title": "Данные",
          "type": "array",
        },
        "header": Object {
          "$ref": "#/definitions/ColumnHeader",
        },
      },
      "title": "Продукт",
      "type": "object",
    },
    "ColumnHeader": Object {
      "properties": Object {
        "icon": Object {
          "$ref": "#/definitions/Picture",
          "default": Object {
            "format": "webp",
            "size": Object {
              "width": 24,
            },
          },
        },
        "image": Object {
          "$ref": "#/definitions/Picture",
          "default": Object {
            "format": "webp",
            "size": Object {
              "width": 100,
            },
          },
        },
        "link": Object {
          "$ref": "#/definitions/LinkProps",
        },
        "subtitle": Object {
          "title": "Подзаголовок",
          "type": "string",
        },
        "title": Object {
          "title": "Заголовок",
          "type": "string",
        },
      },
      "title": "Шапка колонки",
      "type": "object",
    },
    "CommonCalculatorProps": Object {
      "properties": Object {
        "buttons": Object {
          "items": Object {
            "$ref": "#/definitions/ButtonWithIconProps",
          },
          "title": "Кнопки",
          "type": "array",
        },
        "footnote": Object {
          "title": "Сноска",
          "type": "string",
        },
        "sourceBookDir": Object {
          "title": "Адрес справочника",
          "type": "string",
        },
      },
      "type": "object",
    },
    "ComparisonTableContent": Object {
      "properties": Object {
        "columns": Object {
          "items": Object {
            "$ref": "#/definitions/Column",
          },
          "title": "Продукты",
          "type": "array",
        },
        "isColoredFirstColumn": Object {
          "title": "Закрасить первую колонку",
          "type": "boolean",
        },
        "orientation": Object {
          "$ref": "#/definitions/ListOrientation",
          "title": "Отображать элементы в моб. версии (прокрутка shift+mouseScroll)",
        },
        "rowHeaders": Object {
          "items": Object {
            "$ref": "#/definitions/TitleProps",
          },
          "title": "Параметры",
          "type": "array",
        },
        "title": Object {
          "title": "Заголовок",
          "type": "string",
        },
        "visibleRowLength": Object {
          "title": "Отображать заданное количество строк",
          "type": "number",
        },
      },
      "title": "Сравнительная таблица",
      "type": "object",
    },
    "ContactInfo": Object {
      "properties": Object {
        "description": Object {
          "title": "Описание",
          "type": "string",
        },
        "text": Object {
          "title": "Текст",
          "type": "string",
        },
        "type": Object {
          "$ref": "#/definitions/ContactType",
        },
      },
      "title": "Контакт",
      "type": "object",
    },
    "ContactType": Object {
      "enum": Array [
        "tel",
        "email",
      ],
      "enumNames": Array [
        "Телефон",
        "Почта",
      ],
      "title": "Тип контакта",
      "type": "string",
    },
    "CreditCalculatorParams": Object {
      "description": "TODO: данные из справочника",
      "type": "object",
    },
    "CreditCalculatorParamsDef": Object {
      "default": Object {
        "calcType": "CreditCalculatorForm",
      },
      "properties": Object {
        "buttons": Object {
          "items": Object {
            "$ref": "#/definitions/ButtonWithIconProps",
          },
          "title": "Кнопки",
          "type": "array",
        },
        "calcType": Object {
          "const": "CreditCalculatorForm",
          "type": "string",
        },
        "footnote": Object {
          "title": "Сноска",
          "type": "string",
        },
        "sourceBookDir": Object {
          "title": "Адрес справочника",
          "type": "string",
        },
        "title": Object {
          "title": "Заголовок",
          "type": "string",
        },
      },
      "required": Array [
        "calcType",
      ],
      "title": "Кредитный калькулятор",
      "type": "object",
    },
    "DepositCalculatorParams": Object {
      "description": "TODO: данные из справочника",
      "type": "object",
    },
    "DepositCalculatorParamsDef": Object {
      "default": Object {
        "calcType": "DepositCalculatorForm",
      },
      "properties": Object {
        "buttons": Object {
          "items": Object {
            "$ref": "#/definitions/ButtonWithIconProps",
          },
          "title": "Кнопки",
          "type": "array",
        },
        "calcType": Object {
          "const": "DepositCalculatorForm",
          "type": "string",
        },
        "footnote": Object {
          "title": "Сноска",
          "type": "string",
        },
        "sourceBookDir": Object {
          "title": "Адрес справочника",
          "type": "string",
        },
        "title": Object {
          "title": "Заголовок",
          "type": "string",
        },
      },
      "required": Array [
        "calcType",
      ],
      "title": "Калькулятор вкладов",
      "type": "object",
    },
    "DescriptionDef": Object {
      "anyOf": Array [
        Object {
          "$ref": "#/definitions/EmptyOption",
        },
        Object {
          "$ref": "#/definitions/TextBenefitDef",
        },
        Object {
          "$ref": "#/definitions/ListBenefitDef",
        },
      ],
      "title": "Вид контента",
    },
    "DescriptionProps": Object {
      "properties": Object {
        "description": Object {
          "title": "Описание",
          "type": "string",
        },
      },
      "type": "object",
    },
    "DispositionItem": Object {
      "properties": Object {
        "href": Object {
          "title": "URL (href)",
          "type": "string",
        },
        "target": Object {
          "$ref": "#/definitions/Target",
        },
        "text": Object {
          "title": "Текст",
          "type": "string",
        },
      },
      "required": Array [
        "text",
        "href",
      ],
      "title": "Ссылка дополнительного меню",
      "type": "object",
    },
    "EmptyOption": Object {
      "title": "Выберите блок",
      "type": "null",
    },
    "ErrorBlockContent": Object {
      "properties": Object {
        "button": Object {
          "$ref": "#/definitions/ButtonProps",
          "title": "Кнопка",
        },
        "error": Object {
          "$ref": "#/definitions/ErrorContentDef",
        },
        "subtitle": Object {
          "title": "Описание",
          "type": "string",
        },
        "title": Object {
          "title": "Заголовок",
          "type": "string",
        },
      },
      "title": "Блок ошибки",
      "type": "object",
    },
    "ErrorCodeDef": Object {
      "properties": Object {
        "code": Object {
          "$ref": "#/definitions/ErrorType",
          "default": 404,
        },
        "errorContentType": Object {
          "const": "Code",
          "default": "Code",
          "type": "string",
        },
      },
      "required": Array [
        "errorContentType",
      ],
      "title": "Код ошибки",
      "type": "object",
    },
    "ErrorContentDef": Object {
      "anyOf": Array [
        Object {
          "$ref": "#/definitions/ErrorCodeDef",
        },
        Object {
          "$ref": "#/definitions/ErrorImageDef",
        },
      ],
      "title": "Вид контента",
    },
    "ErrorImageDef": Object {
      "properties": Object {
        "errorContentType": Object {
          "const": "Image",
          "default": "Image",
          "type": "string",
        },
        "image": Object {
          "$ref": "#/definitions/Picture",
          "default": Object {
            "format": "webp",
            "size": Object {
              "width": 460,
            },
            "sources": Array [
              Object {
                "alignment": "center",
                "format": "webp",
                "media": 1279,
                "width": 276,
              },
            ],
          },
        },
      },
      "required": Array [
        "errorContentType",
      ],
      "title": "Изображение",
      "type": "object",
    },
    "ErrorType": Object {
      "enum": Array [
        "",
        "400",
        "401",
        "402",
        "403",
        "404",
        "500",
        "501",
        "502",
        "503",
        "504",
        "505",
      ],
      "title": "Код",
      "type": "string",
    },
    "ExchangeRateTileContent": Object {
      "properties": Object {
        "button": Object {
          "$ref": "#/definitions/ButtonProps",
        },
        "title": Object {
          "title": "Заголовок",
          "type": "string",
        },
      },
      "title": "Курсы обмена валют",
      "type": "object",
    },
    "FooterContent": Object {
      "properties": Object {
        "contacts": Object {
          "items": Object {
            "$ref": "#/definitions/ContactInfo",
          },
          "title": "Контакты",
          "type": "array",
        },
        "dispositions": Object {
          "items": Object {
            "$ref": "#/definitions/DispositionItem",
          },
          "title": "Дополнительное меню",
          "type": "array",
        },
        "documents": Object {
          "items": Object {
            "$ref": "#/definitions/LinkProps",
          },
          "title": "Обязательные документы",
          "type": "array",
        },
        "horizontalNavigationTitle": Object {
          "title": "Заголовок для меню",
          "type": "string",
        },
        "mobileApps": Object {
          "items": Object {
            "$ref": "#/definitions/LinkCommonProps",
          },
          "title": "Мобильные приложения",
          "type": "array",
        },
        "relatedEnterprises": Object {
          "items": Object {
            "$ref": "#/definitions/LinkProps",
          },
          "title": "Другие предприятия",
          "type": "array",
        },
        "socialMedia": Object {
          "items": Object {
            "$ref": "#/definitions/LinkCommonProps",
          },
          "title": "Социальные сети",
          "type": "array",
        },
        "subMenu": Object {
          "items": Object {
            "$ref": "#/definitions/SubMenuItem",
          },
          "title": "Подменю",
          "type": "array",
        },
        "topItems": Object {
          "items": Object {
            "$ref": "#/definitions/TopMenuItem",
          },
          "title": "Основное меню",
          "type": "array",
        },
      },
      "required": Array [
        "topItems",
      ],
      "title": "Подвал",
      "type": "object",
    },
    "Footnote": Object {
      "properties": Object {
        "footnote": Object {
          "title": "Сноска",
          "type": "string",
        },
      },
      "type": "object",
    },
    "GalleryCardProps": Object {
      "default": Object {
        "headlineSmallVersion": "XL_L",
      },
      "properties": Object {
        "additionalDescription": Object {
          "type": "string",
        },
        "align": Object {
          "$ref": "#/definitions/AlignType",
          "default": "center",
          "title": "Выравнивание",
        },
        "button": Object {
          "$ref": "#/definitions/ButtonWithIconProps",
          "title": "Кнопка",
        },
        "description": Object {
          "title": "Описание",
          "type": "string",
        },
        "headlineSmallVersion": Object {
          "$ref": "#/definitions/HeadlineSmallVersion",
        },
        "image": Object {
          "$ref": "#/definitions/Picture",
          "default": Object {
            "format": "webp",
            "size": Object {
              "width": 140,
            },
            "sources": Array [
              Object {
                "alignment": "center",
                "format": "webp",
                "media": 1279,
                "width": 84,
              },
            ],
          },
        },
        "isDotted": Object {
          "default": true,
          "title": "Буллиты",
          "type": "boolean",
        },
        "items": Object {
          "items": Object {
            "$ref": "#/definitions/GalleryItemProps",
          },
          "title": "Список",
          "type": "array",
        },
        "title": Object {
          "title": "Заголовок",
          "type": "string",
        },
        "version": Object {
          "$ref": "#/definitions/BlockVersion",
        },
      },
      "title": "Карточка",
      "type": "object",
    },
    "GalleryContent": Object {
      "properties": Object {
        "cards": Object {
          "items": Object {
            "$ref": "#/definitions/GalleryCardProps",
          },
          "minItems": 3,
          "title": "Карточки",
          "type": "array",
        },
        "description": Object {
          "title": "Описание",
          "type": "string",
        },
        "headlineVersion": Object {
          "$ref": "#/definitions/HeadlineVersion",
        },
        "orientation": Object {
          "$ref": "#/definitions/ListOrientation",
          "title": "Отображать элементы в моб. версии (прокрутка shift+mouseScroll)",
        },
        "title": Object {
          "title": "Заголовок",
          "type": "string",
        },
      },
      "title": "Галерея",
      "type": "object",
    },
    "GalleryItemProps": Object {
      "properties": Object {
        "text": Object {
          "title": "Текст",
          "type": "string",
        },
        "title": Object {
          "title": "Заголовок (моб.)",
          "type": "string",
        },
      },
      "title": "Элемент списка",
      "type": "object",
    },
    "GracePeriodContent": Object {
      "properties": Object {
        "calendar": Object {
          "items": Object {
            "$ref": "#/definitions/CalendarItem",
          },
          "title": "Периоды",
          "type": "array",
        },
        "description": Object {
          "title": "Описание",
          "type": "string",
        },
        "title": Object {
          "title": "Заголовок",
          "type": "string",
        },
      },
      "title": "Льготный период",
      "type": "object",
    },
    "GroupTab": Object {
      "properties": Object {
        "ref": Object {
          "title": "Тег",
          "type": "string",
        },
        "title": Object {
          "title": "Заголовок",
          "type": "string",
        },
        "type": Object {
          "const": "group",
          "default": "group",
          "type": "string",
        },
      },
      "required": Array [
        "type",
      ],
      "title": "Группа",
      "type": "object",
    },
    "HeaderContent": Object {
      "properties": Object {
        "defaultLocation": Object {
          "default": "Москва",
          "title": "Город по-умолчанию",
          "type": "string",
        },
        "dispositions": Object {
          "items": Object {
            "$ref": "#/definitions/DispositionItem",
          },
          "title": "Дополнительное меню",
          "type": "array",
        },
        "logo": Object {
          "$ref": "#/definitions/Logo",
        },
        "topItems": Object {
          "items": Object {
            "$ref": "#/definitions/TopMenuItem",
          },
          "title": "Основное меню",
          "type": "array",
        },
      },
      "required": Array [
        "defaultLocation",
        "topItems",
      ],
      "title": "Шапка (для мобильных горизонтальная прокрутка shift+mouseScroll)",
      "type": "object",
    },
    "HeadingCommonProps": Object {
      "properties": Object {
        "headingType": Object {
          "$ref": "#/definitions/HeadingType",
        },
        "title": Object {
          "title": "Заголовок",
          "type": "string",
        },
      },
      "type": "object",
    },
    "HeadingProps": Object {
      "properties": Object {
        "headingType": Object {
          "$ref": "#/definitions/HeadingType",
        },
        "title": Object {
          "title": "Заголовок",
          "type": "string",
        },
      },
      "type": "object",
    },
    "HeadingType": Object {
      "enum": Array [
        "h0",
        "h1",
        "h2",
        "h3",
        "h4",
        "h5",
        "h6",
      ],
      "enumNames": Array [
        "h0",
        "h1",
        "h2",
        "h3",
        "h4",
        "h5",
        "h6",
      ],
      "title": "Размер заголовка",
      "type": "string",
    },
    "HeadlineCommonProps": Object {
      "properties": Object {
        "description": Object {
          "title": "Описание",
          "type": "string",
        },
        "title": Object {
          "title": "Заголовок",
          "type": "string",
        },
      },
      "type": "object",
    },
    "HeadlineContent": Object {
      "properties": Object {
        "align": Object {
          "$ref": "#/definitions/AlignType",
        },
        "bgColorHeadline": Object {
          "$ref": "#/definitions/BlockVersionWithTransparent",
        },
        "description": Object {
          "title": "Описание",
          "type": "string",
        },
        "headlineVersion": Object {
          "$ref": "#/definitions/HeadlineVersion",
        },
        "image": Object {
          "$ref": "#/definitions/Picture",
        },
        "title": Object {
          "title": "Заголовок",
          "type": "string",
        },
      },
      "title": "Заголовок",
      "type": "object",
    },
    "HeadlineProps": Object {
      "properties": Object {
        "description": Object {
          "title": "Описание",
          "type": "string",
        },
        "headlineVersion": Object {
          "$ref": "#/definitions/HeadlineVersion",
        },
        "title": Object {
          "title": "Заголовок",
          "type": "string",
        },
      },
      "type": "object",
    },
    "HeadlineSmallProps": Object {
      "properties": Object {
        "description": Object {
          "title": "Описание",
          "type": "string",
        },
        "headlineSmallVersion": Object {
          "$ref": "#/definitions/HeadlineSmallVersion",
        },
        "title": Object {
          "title": "Заголовок",
          "type": "string",
        },
      },
      "type": "object",
    },
    "HeadlineSmallVersion": Object {
      "enum": Array [
        "XL_L",
        "XL_R",
        "L_L",
        "L_R",
        "M",
        "S",
        "XS",
      ],
      "enumNames": Array [
        "Самый большой тонкий",
        "Самый большой",
        "Очень большой тонкий",
        "Очень большой",
        "Большой",
        "Средний",
        "Маленький",
      ],
      "title": "Размер заголовка",
      "type": "string",
    },
    "HeadlineVersion": Object {
      "enum": Array [
        "XXL",
        "XL",
        "L",
        "M",
        "S",
      ],
      "enumNames": Array [
        "Самый большой",
        "Очень большой",
        "Большой",
        "Средний",
        "Маленький",
      ],
      "title": "Размер заголовка",
      "type": "string",
    },
    "IconName": Object {
      "enum": Array [
        "",
        "ActualBalanceIcon",
        "AirPlaneIcon",
        "AppleIcon",
        "ArrowDownIcon",
        "ArrowLeftIcon",
        "ArrowUpIcon",
        "AtmIcon",
        "BankIcon",
        "BuildingIcon",
        "BurgerIcon",
        "Calendar2Icon",
        "CalendarCircleIcon",
        "CalendarIcon",
        "CalendarTickIcon",
        "Car2Icon",
        "CardIcon",
        "CardPosIcon",
        "CardTickIcon",
        "CardWithGemIcon",
        "CarIcon",
        "ChartSquareIcon",
        "CinemaIcon",
        "ClockIcon",
        "CloseIcon",
        "ComfortableCompIcon",
        "CreditCardsIcon",
        "DiscountShapeIcon",
        "DocDownloadIcon",
        "DocIcon",
        "DocIconMonoColor",
        "DocsIcon",
        "DocumentTextIcon",
        "DollarIcon",
        "DoneIcon",
        "DoneSimpleIcon",
        "EarthIcon",
        "EmptyWalletChangeIcon",
        "EmptyWalletIcon",
        "EuroIcon",
        "GeolocationIcon",
        "GlassIcon",
        "GlobalIcon",
        "GpsIcon",
        "GridIcon",
        "InterestGrowthIcon",
        "InterestIcon",
        "JCBIcon",
        "LogoIcon",
        "LoupeIcon",
        "MapMarkerClusterIcon",
        "MapMarkerSingleIcon",
        "MasterCardIcon",
        "MetroIcon",
        "MinusIcon",
        "MirIcon",
        "MoneyIcon",
        "MoneyInsuranceIcon",
        "MoneysIcon",
        "MonitorMobileIcon",
        "NewDocIcon",
        "OfficeIcon",
        "OkIcon",
        "PackA4Icon",
        "PassSendIcon",
        "PercentageRoundIcon",
        "PercentageSquareIcon",
        "PersonalCardIcon",
        "PlayMarketIcon",
        "PlusIcon",
        "PowerIcon",
        "Profile2UserIcon",
        "ProfileIcon",
        "PumpkinIcon",
        "RoundRubleIcon",
        "SafeIcon",
        "ShieldTickIcon",
        "SignDocsIcon",
        "SmallClockIcon",
        "SoundIcon",
        "StrongBoxIcon",
        "TelegramIcon",
        "UnionPayIcon",
        "UserSquareIcon",
        "UserTickIcon",
        "VisaIcon",
        "VKIcon",
        "WalletAdd2Icon",
        "WalletAddIcon",
        "WalletIcon",
        "WalletWithMoneyIcon",
        "WateringCanIcon",
      ],
      "enumNames": Array [
        "",
        "Деньги",
        "Самолёт",
        "Лого «Apple»",
        "Стрелка 'Вниз'",
        "Стрелка",
        "Стрелка вверх",
        "Банкомат",
        "Банк",
        "Здание с деревом",
        "Бургер",
        "Календарь 2",
        "Скруглённый календарь",
        "Календарь",
        "Календарь с галочкой",
        "Машина2",
        "Кред. карта",
        "Кред. карта под наклоном",
        "Кред. карта с галочкой",
        "Карта с драгоценностями",
        "Машина",
        "Деньги внутри кошелька",
        "Кинотеатр",
        "Часы",
        "Крестик",
        "Кресло",
        "Кредитные карты",
        "Скидка",
        "Скачать документ",
        "Документ",
        "Документ (одноцветный)",
        "Документы",
        "Документ с текстом",
        "Доллар",
        "Зелёная 'галочка' в круге",
        "Зелёная 'галочка'",
        "Земля",
        "Пустой кошелёк с возвратом",
        "Пустой кошелёк",
        "Евро",
        "Геолокация",
        "Зеркало",
        "Глобус",
        "Gps",
        "Сетка (белая)",
        "Диаграмма роста",
        "Скидка",
        "JCB",
        "Logo",
        "Лупа",
        "Маркер карты",
        "Маркер карты РСХБ",
        "MasterCard",
        "Лого Метро",
        "Минус",
        "МИР",
        "Деньги",
        "Денежное страхование",
        "Купюры",
        "Монитор и мобильный",
        "Новый документ",
        "Офис",
        "Лого «Одноклассники»",
        "Пачка бумаги А4",
        "Бизнес",
        "Проценты (круг.)",
        "Проценты",
        "Персональная карта",
        "Лого «PlayMarket»",
        "Плюс",
        "Щит",
        "Профиль, 2 персоны",
        "Профиль",
        "Тыква",
        "Рубль (круг.)",
        "Сейф",
        "Безопасность",
        "Подписанные документы",
        "Маленькие часы",
        "Звук",
        "Ящик с замочной скважиной",
        "Лого «Telegram»",
        "UnionPay",
        "Пользователь в рамке",
        "Пользователь",
        "Visa",
        "Лого «VK»",
        "Пополнение карты",
        "Кошелёк с плюсом",
        "Кошелёк",
        "Кошелёк с деньгами",
        "Добавить продукт",
      ],
      "title": "Иконка",
      "type": "string",
    },
    "IconProps": Object {
      "properties": Object {
        "icon": Object {
          "$ref": "#/definitions/Picture",
          "title": "Иконка",
        },
      },
      "type": "object",
    },
    "IconVersion": Object {
      "enum": Array [
        "normal",
        "white",
        "black",
      ],
      "enumNames": Array [
        "Нормальный",
        "Белый",
        "Чёрный",
      ],
      "title": "Цвет иконки",
      "type": "string",
    },
    "ImageCellDef": Object {
      "properties": Object {
        "image": Object {
          "$ref": "#/definitions/Picture",
          "default": Object {
            "format": "webp",
            "size": Object {
              "height": 24,
              "width": 24,
            },
          },
        },
        "tableCellType": Object {
          "const": "Img",
          "default": "Img",
          "type": "string",
        },
      },
      "required": Array [
        "tableCellType",
      ],
      "title": "Изображение",
      "type": "object",
    },
    "ImageContent": Object {
      "properties": Object {
        "image": Object {
          "$ref": "#/definitions/Picture",
        },
      },
      "type": "object",
    },
    "Img": Object {
      "properties": Object {
        "alt": Object {
          "title": "Альтернативный текст (alt)",
          "type": "string",
        },
        "src": Object {
          "title": "Картинка",
          "type": "string",
        },
        "title": Object {
          "title": "Текст подсказки (title)",
          "type": "string",
        },
      },
      "type": "object",
    },
    "ImgAlignment": Object {
      "default": "center",
      "enum": Array [
        "northwest",
        "north",
        "northeast",
        "west",
        "center",
        "east",
        "southwest",
        "south",
        "southeast",
      ],
      "enumNames": Array [
        "Сверху слева",
        "Сверху по центру",
        "Сверху справа",
        "Посередине слева",
        "Посередине по центру",
        "Посередине справа",
        "Снизу слева",
        "Снизу по центру",
        "Снизу справа",
      ],
      "title": "Позиционирование",
      "type": "string",
    },
    "ImgFormats": Object {
      "enum": Array [
        "jpeg",
        "jpg",
        "png",
        "gif",
        "webp",
        "heif",
        "avif",
      ],
      "type": "string",
    },
    "ImgSource": Object {
      "properties": Object {
        "alignment": Object {
          "$ref": "#/definitions/ImgAlignment",
        },
        "format": Object {
          "$ref": "#/definitions/ImgFormats",
          "title": "Формат",
        },
        "icon": Object {
          "$ref": "#/definitions/IconName",
          "title": "Иконка",
        },
        "iconVersion": Object {
          "$ref": "#/definitions/IconVersion",
          "title": "Версия иконки",
        },
        "media": Object {
          "$ref": "#/definitions/MediaQuery",
        },
        "size": Object {
          "properties": Object {
            "height": Object {
              "title": "Высота",
              "type": "number",
            },
            "width": Object {
              "title": "Ширина",
              "type": "number",
            },
          },
          "title": "Размер изображения",
          "type": "object",
        },
        "src": Object {
          "title": "Картинка",
          "type": "string",
        },
      },
      "type": "object",
    },
    "InnerTableBlockDef": Object {
      "properties": Object {
        "dataUrl": Object {
          "title": "Справочник",
          "type": "string",
        },
        "pdfUrl": Object {
          "title": "Ссылка PDF-файл",
          "type": "string",
        },
        "tableCellType": Object {
          "const": "Table",
          "default": "Table",
          "type": "string",
        },
      },
      "required": Array [
        "tableCellType",
      ],
      "title": "Таблица",
      "type": "object",
    },
    "InsuranceAmountBlockContent": Object {
      "properties": Object {
        "button": Object {
          "$ref": "#/definitions/ButtonProps",
          "title": "Кнопка",
        },
        "insuranceTabs": Object {
          "items": Object {
            "$ref": "#/definitions/InsuranceAmountBlockTab",
          },
          "title": "Список вкладок",
          "type": "array",
        },
        "title": Object {
          "title": "Заголовок",
          "type": "string",
        },
      },
      "title": "Страховые суммы",
      "type": "object",
    },
    "InsuranceAmountBlockTab": Object {
      "properties": Object {
        "cards": Object {
          "items": Object {
            "$ref": "#/definitions/CardItem",
          },
          "title": "Содержимое вкладки",
          "type": "array",
        },
        "title": Object {
          "title": "Заголовок",
          "type": "string",
        },
      },
      "title": "Вкладка",
      "type": "object",
    },
    "InvestmentCell": Object {
      "properties": Object {
        "cellColor": Object {
          "$ref": "#/definitions/InvestmentCellColor",
        },
        "cellSize": Object {
          "$ref": "#/definitions/InvestmentCellSize",
        },
        "text": Object {
          "title": "Текст",
          "type": "string",
        },
      },
      "title": "Ячейка",
      "type": "object",
    },
    "InvestmentCellColor": Object {
      "enum": Array [
        "yellow",
        "green-light",
        "green",
        "green-dark",
      ],
      "enumNames": Array [
        "Желтый",
        "Светло-зеленый",
        "Зеленый",
        "Тёмно-зеленый",
      ],
      "title": "Цвет",
      "type": "string",
    },
    "InvestmentCellSize": Object {
      "enum": Array [
        "XL",
        "L",
        "M",
        "S",
        "XS",
      ],
      "enumNames": Array [
        "Очень большой",
        "Большой",
        "Средний",
        "Маленький",
        "Очень маленький",
      ],
      "title": "Высота",
      "type": "string",
    },
    "InvestmentColumn": Object {
      "properties": Object {
        "cells": Object {
          "items": Object {
            "$ref": "#/definitions/InvestmentCell",
          },
          "title": "Ячейки",
          "type": "array",
        },
        "title": Object {
          "title": "Название",
          "type": "string",
        },
      },
      "title": "Элемент данных",
      "type": "object",
    },
    "InvestmentInfoContent": Object {
      "properties": Object {
        "investmentColumns": Object {
          "items": Object {
            "$ref": "#/definitions/InvestmentColumn",
          },
          "title": "Остальные элементы данных",
          "type": "array",
        },
        "investmentZeroColumn": Object {
          "$ref": "#/definitions/InvestmentZeroColumn",
          "title": "Элемент данных 1",
        },
        "isDotted": Object {
          "title": "Буллиты",
          "type": "boolean",
        },
        "items": Object {
          "items": Object {
            "type": "string",
          },
          "title": "Список",
          "type": "array",
        },
      },
      "title": "Блок инвестиций",
      "type": "object",
    },
    "InvestmentZeroColumn": Object {
      "properties": Object {
        "title": Object {
          "title": "Название",
          "type": "string",
        },
      },
      "title": "Элемент данных 1",
      "type": "object",
    },
    "LabelDescriptionCell": Object {
      "properties": Object {
        "description": Object {
          "title": "Описание",
          "type": "string",
        },
        "label": Object {
          "title": "Название",
          "type": "string",
        },
      },
      "title": "Заголовок и описание",
      "type": "object",
    },
    "LabelDescriptionCellDef": Object {
      "properties": Object {
        "description": Object {
          "title": "Описание",
          "type": "string",
        },
        "label": Object {
          "title": "Название",
          "type": "string",
        },
        "tableCellType": Object {
          "const": "LabelDescription",
          "default": "LabelDescription",
          "type": "string",
        },
      },
      "required": Array [
        "tableCellType",
      ],
      "title": "Заголовок и описание",
      "type": "object",
    },
    "LabelProps": Object {
      "properties": Object {
        "label": Object {
          "title": "Название",
          "type": "string",
        },
      },
      "type": "object",
    },
    "LinkColumnsMode": Object {
      "enum": Array [
        "single",
        "double",
      ],
      "enumNames": Array [
        "Одна колонка",
        "Две колонки",
      ],
      "title": "Отображение списка",
      "type": "string",
    },
    "LinkCommonProps": Object {
      "properties": Object {
        "href": Object {
          "title": "URL (href)",
          "type": "string",
        },
        "target": Object {
          "$ref": "#/definitions/Target",
        },
      },
      "type": "object",
    },
    "LinkDocsContent": Object {
      "properties": Object {
        "align": Object {
          "$ref": "#/definitions/AlignType",
        },
        "columnsMode": Object {
          "$ref": "#/definitions/LinkColumnsMode",
        },
        "description": Object {
          "title": "Описание",
          "type": "string",
        },
        "documents": Object {
          "items": Object {
            "$ref": "#/definitions/LinkDocsItem",
          },
          "title": "Список",
          "type": "array",
        },
        "hasBorder": Object {
          "title": "Рамка элементов (моб.)",
          "type": "boolean",
        },
        "icon": Object {
          "$ref": "#/definitions/Picture",
          "default": Object {
            "format": "webp",
            "size": Object {
              "height": 24,
              "width": 24,
            },
          },
          "title": "Иконка",
        },
        "orientation": Object {
          "$ref": "#/definitions/ListOrientation",
          "title": "Отображать элементы в моб. версии (прокрутка shift+mouseScroll)",
        },
        "title": Object {
          "title": "Заголовок",
          "type": "string",
        },
      },
      "title": "Список документов",
      "type": "object",
    },
    "LinkDocsItem": Object {
      "properties": Object {
        "fileSize": Object {
          "title": "размер файла",
          "type": "string",
        },
        "href": Object {
          "title": "URL (href)",
          "type": "string",
        },
        "target": Object {
          "$ref": "#/definitions/Target",
        },
        "text": Object {
          "title": "Текст",
          "type": "string",
        },
      },
      "title": "Элемент списка",
      "type": "object",
    },
    "LinkListContent": Object {
      "properties": Object {
        "documents": Object {
          "items": Object {
            "$ref": "#/definitions/LinkProps",
          },
          "title": "Список",
          "type": "array",
        },
      },
      "title": "Список документов",
      "type": "object",
    },
    "LinkProps": Object {
      "properties": Object {
        "href": Object {
          "title": "URL (href)",
          "type": "string",
        },
        "target": Object {
          "$ref": "#/definitions/Target",
        },
        "text": Object {
          "title": "Текст",
          "type": "string",
        },
      },
      "required": Array [
        "text",
        "href",
      ],
      "title": "Ссылка",
      "type": "object",
    },
    "LinkTab": Object {
      "properties": Object {
        "href": Object {
          "title": "URL (href)",
          "type": "string",
        },
        "target": Object {
          "$ref": "#/definitions/Target",
        },
        "text": Object {
          "title": "Текст",
          "type": "string",
        },
        "type": Object {
          "const": "link",
          "default": "link",
          "type": "string",
        },
      },
      "required": Array [
        "type",
      ],
      "title": "Ссылка",
      "type": "object",
    },
    "ListBenefitDef": Object {
      "properties": Object {
        "benefitType": Object {
          "const": "list",
          "default": "list",
          "type": "string",
        },
        "bullets": Object {
          "title": "Буллиты",
          "type": "boolean",
        },
        "items": Object {
          "default": Array [
            "Пункт 1",
          ],
          "items": Object {
            "type": "string",
          },
          "title": "Пункты",
          "type": "array",
        },
      },
      "title": "Список",
      "type": "object",
    },
    "ListBlockDef": Object {
      "properties": Object {
        "hasIndent": Object {
          "title": "Отступ",
          "type": "boolean",
        },
        "isDotted": Object {
          "title": "Буллиты",
          "type": "boolean",
        },
        "items": Object {},
        "tableCellType": Object {
          "const": "List",
          "default": "List",
          "type": "string",
        },
      },
      "required": Array [
        "items",
        "tableCellType",
      ],
      "title": "Список",
      "type": "object",
    },
    "ListContent": Object {
      "properties": Object {
        "items": Object {
          "items": Object {
            "type": "string",
          },
          "title": "Список",
          "type": "array",
        },
      },
      "type": "object",
    },
    "ListItemSize": Object {
      "enum": Array [
        "S",
        "M",
        "L",
      ],
      "enumNames": Array [
        "Маленький",
        "Средний",
        "Большой",
      ],
      "title": "Размер пунктов списка",
      "type": "string",
    },
    "ListOrientation": Object {
      "enum": Array [
        "vertical",
        "horizontal",
      ],
      "enumNames": Array [
        "Вертикально",
        "Горизонтально",
      ],
      "title": "Направление списка",
      "type": "string",
    },
    "Logo": Object {
      "properties": Object {
        "image": Object {
          "$ref": "#/definitions/Picture",
          "title": "Иконка логотипа",
        },
        "title": Object {
          "title": "Текст логотипа",
          "type": "string",
        },
      },
      "title": "Логотип",
      "type": "object",
    },
    "MediaQuery": Object {
      "enum": Array [
        1919,
        1439,
        1279,
      ],
      "enumNames": Array [
        "Меньше 1920px",
        "Меньше 1440px",
        "Меньше 1280px",
      ],
      "title": "Брейкпоинт",
      "type": "number",
    },
    "MiniGalleryContent": Object {
      "default": Object {
        "headlineVersion": "L",
      },
      "properties": Object {
        "cards": Object {
          "items": Object {
            "$ref": "#/definitions/GalleryCardProps",
          },
          "minItems": 4,
          "title": "Карточки",
          "type": "array",
        },
        "description": Object {
          "title": "Описание",
          "type": "string",
        },
        "headlineVersion": Object {
          "$ref": "#/definitions/HeadlineVersion",
        },
        "orientation": Object {
          "$ref": "#/definitions/ListOrientation",
          "title": "Отображать элементы в моб. версии (прокрутка shift+mouseScroll)",
        },
        "title": Object {
          "title": "Заголовок",
          "type": "string",
        },
      },
      "title": "Мини-галерея",
      "type": "object",
    },
    "MobileAppTileContent": Object {
      "properties": Object {
        "buttons": Object {
          "items": Object {
            "$ref": "#/definitions/ButtonWithIconProps",
          },
          "maxItems": 4,
          "title": "Кнопки",
          "type": "array",
        },
        "description": Object {
          "title": "Описание",
          "type": "string",
        },
        "headingType": Object {
          "$ref": "#/definitions/HeadingType",
        },
        "href": Object {
          "title": "Ссылка",
          "type": "string",
        },
        "image": Object {
          "$ref": "#/definitions/Picture",
          "default": Object {
            "format": "webp",
            "size": Object {
              "width": 600,
            },
            "sources": Array [
              Object {
                "alignment": "center",
                "format": "webp",
                "media": 1279,
                "width": 360,
              },
            ],
          },
        },
        "items": Object {
          "items": Object {
            "type": "string",
          },
          "title": "Список",
          "type": "array",
        },
        "qr": Object {
          "$ref": "#/definitions/Picture",
          "title": "QR-код",
        },
        "title": Object {
          "title": "Заголовок",
          "type": "string",
        },
        "version": Object {
          "$ref": "#/definitions/BlockVersion",
        },
      },
      "title": "Мобильное приложение",
      "type": "object",
    },
    "Month": Object {
      "properties": Object {
        "image": Object {
          "$ref": "#/definitions/Picture",
          "default": "{
\\"format\\": \\"webp\\",
\\"size\\": {
\\"width\\": 210
\\"height\\": 190
}
}",
          "title": "Изображение календарного месяца",
        },
        "text": Object {
          "title": "Название месяца",
          "type": "string",
        },
      },
      "type": "object",
    },
    "NearbyOffices": Object {
      "properties": Object {
        "distance": Object {
          "type": "string",
        },
        "icon": Object {
          "$ref": "#/definitions/IconName",
        },
        "time": Object {
          "type": "string",
        },
        "title": Object {
          "type": "string",
        },
      },
      "type": "object",
    },
    "OfficeMapProps": Object {
      "properties": Object {
        "address": Object {
          "type": "string",
        },
        "gpsLatitude": Object {
          "type": "number",
        },
        "gpsLongitude": Object {
          "type": "number",
        },
        "name": Object {
          "type": "string",
        },
        "workSchedule": Object {
          "$ref": "#/definitions/WorkSchedule",
        },
      },
      "required": Array [
        "address",
        "workSchedule",
      ],
      "type": "object",
    },
    "OfficeServicesBlockContent": Object {
      "properties": Object {
        "servicesList": Object {
          "items": Object {
            "$ref": "#/definitions/OfficeServicesBlockList",
          },
          "title": "Список услуг",
          "type": "array",
        },
        "title": Object {
          "title": "Заголовок",
          "type": "string",
        },
      },
      "title": "Офисные услуги",
      "type": "object",
    },
    "OfficeServicesBlockList": Object {
      "properties": Object {
        "icon": Object {
          "$ref": "#/definitions/Picture",
          "title": "Иконка",
        },
        "label": Object {
          "title": "Название",
          "type": "string",
        },
      },
      "type": "object",
    },
    "OtherProductsContent": Object {
      "properties": Object {
        "colorPalette": Object {
          "$ref": "#/definitions/ColorPalette",
        },
        "title": Object {
          "title": "Заголовок",
          "type": "string",
        },
      },
      "title": "Другие продукты",
      "type": "object",
    },
    "OtherProductsItemContent": Object {
      "properties": Object {
        "isUnfolded": Object {
          "title": "Отображать в раскрытом виде",
          "type": "boolean",
        },
        "label": Object {
          "default": "Список",
          "title": "Название",
          "type": "string",
        },
      },
      "title": "Элемент списка",
      "type": "object",
    },
    "Picture": Object {
      "properties": Object {
        "alignment": Object {
          "$ref": "#/definitions/ImgAlignment",
        },
        "alt": Object {
          "title": "Альтернативный текст (alt)",
          "type": "string",
        },
        "className": Object {
          "type": "string",
        },
        "format": Object {
          "$ref": "#/definitions/ImgFormats",
          "title": "Формат",
        },
        "icon": Object {
          "$ref": "#/definitions/IconName",
          "title": "Иконка",
        },
        "iconVersion": Object {
          "$ref": "#/definitions/IconVersion",
          "title": "Версия иконки",
        },
        "media": Object {
          "$ref": "#/definitions/MediaQuery",
        },
        "size": Object {
          "properties": Object {
            "height": Object {
              "title": "Высота",
              "type": "number",
            },
            "width": Object {
              "title": "Ширина",
              "type": "number",
            },
          },
          "title": "Размер изображения",
          "type": "object",
        },
        "sources": Object {
          "items": Object {
            "$ref": "#/definitions/ImgSource",
          },
          "title": "Другие форматы",
          "type": "array",
        },
        "src": Object {
          "title": "Картинка",
          "type": "string",
        },
        "title": Object {
          "title": "Текст подсказки (title)",
          "type": "string",
        },
      },
      "title": "Изображение",
      "type": "object",
    },
    "PictureTextContent": Object {
      "properties": Object {
        "benefits": Object {
          "items": Object {
            "$ref": "#/definitions/BenefitItemProps",
          },
          "title": "Список преимуществ",
          "type": "array",
        },
        "description": Object {
          "title": "Описание",
          "type": "string",
        },
        "directionRight": Object {
          "default": false,
          "title": "Картинка справа/текст слева",
          "type": "boolean",
        },
        "image": Object {
          "$ref": "#/definitions/Picture",
          "default": Object {
            "format": "webp",
            "size": Object {
              "width": 400,
            },
            "sources": Array [
              Object {
                "alignment": "center",
                "format": "webp",
                "media": 1279,
                "width": 240,
              },
            ],
          },
        },
        "monthLimit": Object {
          "title": "Ежемесячный лимит",
          "type": "number",
        },
        "sum": Object {
          "title": "Страховая сумма",
          "type": "number",
        },
        "title": Object {
          "title": "Заголовок",
          "type": "string",
        },
        "version": Object {
          "$ref": "#/definitions/BlockVersion",
        },
      },
      "title": "Картинка с текстом",
      "type": "object",
    },
    "ProductBlockContent": Object {
      "properties": Object {
        "backwardButton": Object {
          "$ref": "#/definitions/BackwardButtonProps",
          "title": "Кнопка возврата",
        },
        "benefits": Object {
          "items": Object {
            "$ref": "#/definitions/BenefitItemProps",
          },
          "maxItems": 4,
          "minItems": 2,
          "title": "Список преимуществ",
          "type": "array",
        },
        "benefitsVersion": Object {
          "$ref": "#/definitions/IconVersion",
        },
        "breadcrumbs": Object {
          "items": Object {
            "$ref": "#/definitions/LinkProps",
          },
          "title": "Хлебные крошки",
          "type": "array",
        },
        "buttons": Object {
          "items": Object {
            "$ref": "#/definitions/ButtonWithIconProps",
          },
          "maxItems": 4,
          "title": "Кнопки",
          "type": "array",
        },
        "description": Object {
          "title": "Описание",
          "type": "string",
        },
        "headlineVersion": Object {
          "$ref": "#/definitions/HeadlineVersion",
        },
        "image": Object {
          "$ref": "#/definitions/Picture",
          "default": Object {
            "format": "webp",
            "size": Object {
              "width": 600,
            },
            "sources": Array [
              Object {
                "alignment": "northeast",
                "format": "webp",
                "media": 1279,
                "width": 360,
              },
            ],
          },
        },
        "isDotted": Object {
          "default": true,
          "title": "Буллиты",
          "type": "boolean",
        },
        "items": Object {
          "items": Object {
            "type": "string",
          },
          "title": "Список",
          "type": "array",
        },
        "label": Object {
          "title": "Лейбл (моб.)",
          "type": "string",
        },
        "title": Object {
          "title": "Заголовок",
          "type": "string",
        },
        "version": Object {
          "$ref": "#/definitions/BlockVersion",
        },
      },
      "title": "Продуктовый блок",
      "type": "object",
    },
    "ProductBlockInnerContent": Object {
      "properties": Object {
        "benefits": Object {
          "items": Object {
            "$ref": "#/definitions/BenefitItemProps",
          },
          "maxItems": 4,
          "minItems": 2,
          "title": "Список преимуществ",
          "type": "array",
        },
        "benefitsVersion": Object {
          "$ref": "#/definitions/IconVersion",
        },
        "buttons": Object {
          "items": Object {
            "$ref": "#/definitions/ButtonWithIconProps",
          },
          "maxItems": 4,
          "title": "Кнопки",
          "type": "array",
        },
        "description": Object {
          "title": "Описание",
          "type": "string",
        },
        "headlineVersion": Object {
          "$ref": "#/definitions/HeadlineVersion",
        },
        "image": Object {
          "$ref": "#/definitions/Picture",
          "default": Object {
            "format": "webp",
            "size": Object {
              "width": 600,
            },
            "sources": Array [
              Object {
                "alignment": "northeast",
                "format": "webp",
                "media": 1279,
                "width": 360,
              },
            ],
          },
        },
        "isDotted": Object {
          "default": true,
          "title": "Буллиты",
          "type": "boolean",
        },
        "items": Object {
          "items": Object {
            "type": "string",
          },
          "title": "Список",
          "type": "array",
        },
        "label": Object {
          "title": "Лейбл (моб.)",
          "type": "string",
        },
        "title": Object {
          "title": "Заголовок",
          "type": "string",
        },
        "version": Object {
          "$ref": "#/definitions/BlockVersion",
        },
      },
      "type": "object",
    },
    "ProductColorVersion": Object {
      "enum": Array [
        "black",
        "white",
      ],
      "enumNames": Array [
        "Черный",
        "Белый",
      ],
      "type": "string",
    },
    "ProductGalleryContent": Object {
      "properties": Object {
        "slides": Object {
          "items": Object {
            "$ref": "#/definitions/ProductSlide",
          },
          "minItems": 2,
          "title": "Слайды",
          "type": "array",
        },
        "version": Object {
          "$ref": "#/definitions/BlockVersion",
        },
      },
      "title": "Продуктовая галерея",
      "type": "object",
    },
    "ProductSlide": Object {
      "properties": Object {
        "nav": Object {
          "properties": Object {
            "description": Object {
              "title": "Описание",
              "type": "string",
            },
            "title": Object {
              "type": "string",
            },
          },
          "required": Array [
            "title",
            "description",
          ],
          "title": "Превью содержимого слайда на навигации",
          "type": "object",
        },
        "productBlock": Object {
          "$ref": "#/definitions/ProductBlockInnerContent",
          "title": "Содержимое слайда",
        },
      },
      "required": Array [
        "productBlock",
      ],
      "title": "Слайд",
      "type": "object",
    },
    "ProductTileContent": Object {
      "properties": Object {
        "additionalDescription": Object {
          "title": "Дополнительное описание",
          "type": "string",
        },
        "benefits": Object {
          "items": Object {
            "$ref": "#/definitions/TextBenefit",
          },
          "maxItems": 7,
          "title": "Преимущества",
          "type": "array",
        },
        "buttons": Object {
          "items": Object {
            "$ref": "#/definitions/ButtonWithIconProps",
          },
          "maxItems": 4,
          "title": "Кнопки",
          "type": "array",
        },
        "description": Object {
          "title": "Описание",
          "type": "string",
        },
        "headlineVersion": Object {
          "$ref": "#/definitions/HeadlineVersion",
        },
        "image": Object {
          "$ref": "#/definitions/Picture",
          "default": Object {
            "format": "webp",
            "size": Object {
              "width": 320,
            },
            "sources": Array [
              Object {
                "alignment": "southeast",
                "format": "webp",
                "media": 1279,
                "width": 192,
              },
            ],
          },
        },
        "title": Object {
          "title": "Заголовок",
          "type": "string",
        },
        "version": Object {
          "$ref": "#/definitions/BlockVersion",
        },
      },
      "title": "Продуктовая плитка",
      "type": "object",
    },
    "PromoTileContent": Object {
      "properties": Object {
        "buttons": Object {
          "items": Object {
            "$ref": "#/definitions/ButtonWithIconProps",
          },
          "maxItems": 4,
          "title": "Кнопки",
          "type": "array",
        },
        "date": Object {
          "title": "Дата публикации",
          "type": "string",
        },
        "description": Object {
          "title": "Описание",
          "type": "string",
        },
        "headingType": Object {
          "$ref": "#/definitions/HeadingType",
        },
        "title": Object {
          "title": "Заголовок",
          "type": "string",
        },
        "version": Object {
          "$ref": "#/definitions/BlockVersion",
        },
      },
      "title": "Акции",
      "type": "object",
    },
    "RecommendationCardTypes": Object {
      "properties": Object {
        "description": Object {
          "title": "Описание",
          "type": "string",
        },
        "image": Object {
          "$ref": "#/definitions/Picture",
          "default": Object {
            "format": "webp",
            "size": Object {
              "width": 290,
            },
            "sources": Array [
              Object {
                "alignment": "southeast",
                "format": "webp",
                "media": 1279,
                "width": 174,
              },
            ],
          },
        },
        "items": Object {
          "items": Object {
            "type": "string",
          },
          "title": "Список",
          "type": "array",
        },
        "socialMedia": Object {
          "default": Array [
            Object {
              "href": "https://t.me",
            },
            Object {
              "href": "https://vk.com",
            },
            Object {
              "href": "https://ok.ru",
            },
          ],
          "items": Object {
            "$ref": "#/definitions/LinkCommonProps",
          },
          "minItems": 3,
          "title": "Соц сети",
          "type": "array",
        },
        "title": Object {
          "title": "Заголовок",
          "type": "string",
        },
      },
      "title": "Карточка",
      "type": "object",
    },
    "RecommendationContent": Object {
      "properties": Object {
        "recommendations": Object {
          "items": Object {
            "$ref": "#/definitions/RecommendationCardTypes",
          },
          "title": "Карточки",
          "type": "array",
        },
        "title": Object {
          "title": "Заголовок",
          "type": "string",
        },
        "version": Object {
          "$ref": "#/definitions/BlockVersion",
        },
      },
      "title": "Рекомендации",
      "type": "object",
    },
    "RowHeader": Object {
      "properties": Object {
        "title": Object {
          "title": "Заголовок",
          "type": "string",
        },
      },
      "title": "Параметр",
      "type": "object",
    },
    "SafeDepositRentalContent": Object {
      "properties": Object {
        "footnote": Object {
          "title": "Сноска",
          "type": "string",
        },
        "title": Object {
          "title": "Заголовок",
          "type": "string",
        },
      },
      "title": "Аренда сейфовых ячеек",
      "type": "object",
    },
    "SitemapProps": Object {
      "properties": Object {
        "dispositions": Object {
          "items": Object {
            "$ref": "#/definitions/DispositionItem",
          },
          "title": "Дополнительное меню",
          "type": "array",
        },
        "topItems": Object {
          "items": Object {
            "$ref": "#/definitions/TopMenuItem",
          },
          "title": "Основное меню",
          "type": "array",
        },
      },
      "type": "object",
    },
    "SizeVersion": Object {
      "enum": Array [
        "normal",
        "small",
      ],
      "enumNames": Array [
        "Обычный",
        "Уменьшенный",
      ],
      "title": "Размер",
      "type": "string",
    },
    "Step": Object {
      "properties": Object {
        "button": Object {
          "$ref": "#/definitions/ButtonWithIconProps",
          "title": "Кнопка",
        },
        "description": Object {
          "title": "Описание",
          "type": "string",
        },
        "icon": Object {
          "$ref": "#/definitions/Picture",
          "title": "Иконка",
        },
        "isDotted": Object {
          "default": true,
          "title": "Буллиты",
          "type": "boolean",
        },
        "items": Object {
          "items": Object {
            "type": "string",
          },
          "title": "Список",
          "type": "array",
        },
        "label": Object {
          "title": "Название",
          "type": "string",
        },
      },
      "title": "Шаг",
      "type": "object",
    },
    "StepsBlockContent": Object {
      "properties": Object {
        "button": Object {
          "$ref": "#/definitions/ButtonWithIconProps",
          "title": "Кнопка",
        },
        "description": Object {
          "title": "Описание",
          "type": "string",
        },
        "showLines": Object {
          "default": true,
          "title": "Линии",
          "type": "boolean",
        },
        "size": Object {
          "$ref": "#/definitions/SizeVersion",
          "default": "normal",
          "title": "Размер шагов (моб.)",
        },
        "steps": Object {
          "items": Object {
            "$ref": "#/definitions/Step",
          },
          "maxItems": 5,
          "minItems": 2,
          "title": "Шаги",
          "type": "array",
        },
        "title": Object {
          "title": "Заголовок",
          "type": "string",
        },
        "version": Object {
          "$ref": "#/definitions/BlockVersion",
        },
      },
      "title": "Блок шаги",
      "type": "object",
    },
    "SubMenuItem": Object {
      "properties": Object {
        "href": Object {
          "title": "URL (href)",
          "type": "string",
        },
        "icon": Object {
          "$ref": "#/definitions/Picture",
          "title": "Иконка",
        },
        "target": Object {
          "$ref": "#/definitions/Target",
        },
        "text": Object {
          "title": "Текст",
          "type": "string",
        },
      },
      "title": "Пункт подменю",
      "type": "object",
    },
    "Tab": Object {
      "anyOf": Array [
        Object {
          "$ref": "#/definitions/GroupTab",
        },
        Object {
          "$ref": "#/definitions/LinkTab",
        },
      ],
      "default": Object {
        "type": "group",
      },
      "title": "Таб",
    },
    "TabsContent": Object {
      "properties": Object {
        "isSticky": Object {
          "title": "Закрепить сверху",
          "type": "boolean",
        },
        "showCounter": Object {
          "title": "Показывать счетчик блоков во вкладках",
          "type": "boolean",
        },
        "tabs": Object {
          "items": Object {
            "$ref": "#/definitions/Tab",
          },
          "title": "Табы",
          "type": "array",
        },
      },
      "title": "Вкладки",
      "type": "object",
    },
    "Target": Object {
      "enum": Array [
        "",
        "_self",
        "_blank",
        "_parent",
        "_top",
      ],
      "enumNames": Array [
        "",
        "self (текущее окно или фрейм)",
        "blank (новое окно)",
        "parent (фрейм-родитель)",
        "top (текущее окно)",
      ],
      "title": "Таргет (target)",
      "type": "string",
    },
    "TariffsTableColumn": Object {
      "properties": Object {
        "data": Object {
          "items": Object {
            "items": Object {
              "$ref": "#/definitions/CellDef",
            },
            "type": "array",
          },
          "title": "Данные",
          "type": "array",
        },
      },
      "title": "Колонка",
      "type": "object",
    },
    "TariffsTableContent": Object {
      "properties": Object {
        "description": Object {
          "title": "Описание",
          "type": "string",
        },
        "headingType": Object {
          "$ref": "#/definitions/HeadingType",
        },
        "hiddenRowsNum": Object {
          "title": "Скрывать строк",
          "type": "number",
        },
        "orientation": Object {
          "$ref": "#/definitions/ListOrientation",
          "title": "Отображать элементы в моб. версии (прокрутка shift+mouseScroll)",
        },
        "rowHeaders": Object {
          "items": Object {
            "$ref": "#/definitions/TariffsTableRowHeader",
          },
          "title": "Параметры",
          "type": "array",
        },
        "tariffsColumns": Object {
          "items": Object {
            "$ref": "#/definitions/TariffsTableColumn",
          },
          "title": "Колонки",
          "type": "array",
        },
        "title": Object {
          "title": "Заголовок",
          "type": "string",
        },
      },
      "title": "Таблица тарифов",
      "type": "object",
    },
    "TariffsTableInnerContent": Object {
      "properties": Object {
        "dataUrl": Object {
          "title": "Справочник",
          "type": "string",
        },
        "pdfUrl": Object {
          "title": "Ссылка PDF-файл",
          "type": "string",
        },
      },
      "type": "object",
    },
    "TariffsTableRowHeader": Object {
      "properties": Object {
        "headingType": Object {
          "$ref": "#/definitions/HeadingType",
        },
        "icon": Object {
          "$ref": "#/definitions/Picture",
          "default": Object {
            "format": "webp",
            "size": Object {
              "height": 24,
              "width": 24,
            },
          },
        },
        "title": Object {
          "title": "Заголовок",
          "type": "string",
        },
      },
      "title": "Параметр",
      "type": "object",
    },
    "TextBenefit": Object {
      "properties": Object {
        "description": Object {
          "title": "Описание",
          "type": "string",
        },
        "label": Object {
          "title": "Название",
          "type": "string",
        },
      },
      "type": "object",
    },
    "TextBenefitDef": Object {
      "properties": Object {
        "benefitType": Object {
          "const": "text",
          "default": "text",
          "type": "string",
        },
        "name": Object {
          "title": "Описание",
          "type": "string",
        },
      },
      "title": "Пункты описания",
      "type": "object",
    },
    "TextBlockContent": Object {
      "properties": Object {
        "blockVersion": Object {
          "$ref": "#/definitions/TextBlockVersion",
        },
        "description": Object {
          "title": "Описание",
          "type": "string",
        },
        "iconVersion": Object {
          "$ref": "#/definitions/TextBlockIconVersion",
        },
        "image": Object {
          "$ref": "#/definitions/Picture",
        },
        "isDotted": Object {
          "title": "Буллиты",
          "type": "boolean",
        },
        "items": Object {
          "items": Object {
            "type": "string",
          },
          "title": "Список (моб.)",
          "type": "array",
        },
        "title": Object {
          "title": "Заголовок",
          "type": "string",
        },
      },
      "title": "Текстовый блок",
      "type": "object",
    },
    "TextBlockIconVersion": Object {
      "enum": Array [
        "none",
        "small",
        "big",
      ],
      "enumNames": Array [
        "Нет",
        "Маленькая",
        "Большая",
      ],
      "title": "Размер иконки",
      "type": "string",
    },
    "TextBlockVersion": Object {
      "enum": Array [
        "primary",
        "secondary",
        "secondary-light",
      ],
      "enumNames": Array [
        "Основная",
        "Второстепенная",
        "Второстепенная прозрачная",
      ],
      "title": "Цвет блока",
      "type": "string",
    },
    "TileContent": Object {
      "properties": Object {
        "buttons": Object {
          "items": Object {
            "$ref": "#/definitions/ButtonWithIconProps",
          },
          "maxItems": 4,
          "title": "Кнопки",
          "type": "array",
        },
        "description": Object {
          "title": "Описание",
          "type": "string",
        },
        "headingType": Object {
          "$ref": "#/definitions/HeadingType",
        },
        "image": Object {
          "$ref": "#/definitions/Picture",
          "default": Object {
            "format": "webp",
            "size": Object {
              "width": 320,
            },
            "sources": Array [
              Object {
                "alignment": "southeast",
                "format": "webp",
                "media": 1279,
                "width": 192,
              },
            ],
          },
        },
        "isDotted": Object {
          "default": true,
          "title": "Буллиты",
          "type": "boolean",
        },
        "items": Object {
          "items": Object {
            "type": "string",
          },
          "title": "Список",
          "type": "array",
        },
        "listItemSize": Object {
          "$ref": "#/definitions/ListItemSize",
        },
        "title": Object {
          "title": "Заголовок",
          "type": "string",
        },
        "version": Object {
          "$ref": "#/definitions/BlockVersion",
        },
      },
      "title": "Плитка",
      "type": "object",
    },
    "TitleProps": Object {
      "properties": Object {
        "title": Object {
          "title": "Заголовок",
          "type": "string",
        },
      },
      "type": "object",
    },
    "TopMenuItem": Object {
      "properties": Object {
        "href": Object {
          "title": "URL (href)",
          "type": "string",
        },
        "target": Object {
          "$ref": "#/definitions/Target",
        },
        "text": Object {
          "title": "Текст",
          "type": "string",
        },
      },
      "required": Array [
        "text",
        "href",
      ],
      "title": "Ссылка",
      "type": "object",
    },
    "WorkSchedule": Object {
      "properties": Object {
        "lunchHour": Object {
          "type": "string",
        },
        "lunchHourSaturday": Object {
          "type": "string",
        },
        "workTime": Object {
          "type": "string",
        },
        "workTimeSaturday": Object {
          "type": "string",
        },
        "workingFriday": Object {
          "type": "boolean",
        },
        "workingMonday": Object {
          "type": "boolean",
        },
        "workingSaturday": Object {
          "type": "boolean",
        },
        "workingSunday": Object {
          "type": "boolean",
        },
        "workingThursday": Object {
          "type": "boolean",
        },
        "workingTuesday": Object {
          "type": "boolean",
        },
        "workingWednesday": Object {
          "type": "boolean",
        },
      },
      "required": Array [
        "workTime",
        "lunchHour",
        "workTimeSaturday",
        "lunchHourSaturday",
        "workingMonday",
        "workingTuesday",
        "workingWednesday",
        "workingThursday",
        "workingFriday",
        "workingSaturday",
        "workingSunday",
      ],
      "type": "object",
    },
    "WorkScheduleWeek": Object {
      "properties": Object {
        "description": Object {
          "type": "string",
        },
        "lunchHour": Object {
          "type": "string",
        },
        "status": Object {
          "type": "boolean",
        },
        "title": Object {
          "type": "string",
        },
        "workTime": Object {
          "type": "string",
        },
      },
      "type": "object",
    },
    "def-hidden": Object {
      "additionalProperties": false,
    },
  },
}
`;
